RLU8 Object Linker, Ver.1.51.2 Linkage Information
[Tue Sep 16 16:23:28 2014]


                         ------------------
                          Control Synopsis
                         ------------------

I/O controls:    D  SD NS NA
Other controls: CC STACK( 0100H(256) )
                COMB( $$content_of_init $$end_of_init )
                COMB( $$init_info $$init_info_end )



                        ------------------------
                         Object Module Synopsis
                        ------------------------
                                                                Creator
Module Name           File Name                                 CCU8     RASU8
-----------           ---------                                 -----    -----
i2c                   _output\_obj\i2c.obj                      3.31     1.61
irq                   _output\_obj\irq.obj                      3.31     1.61
main                  _output\_obj\main.obj                     3.31     1.61
ml610112              _output\_obj\ml610112.obj                 -.--     1.61
tbc                   _output\_obj\tbc.obj                      3.31     1.61
timer                 _output\_obj\timer.obj                    3.31     1.61
uart                  _output\_obj\uart.obj                     3.31     1.61
ULDIVSW               C:\PROGRA~2\U8Dev\Lib\longu8.lib          -.--     1.04
DIV32SW               C:\PROGRA~2\U8Dev\Lib\longu8.lib          -.--     1.04
UIDIVSW               C:\PROGRA~2\U8Dev\Lib\longu8.lib          -.--     1.04
FDIVSW                C:\PROGRA~2\U8Dev\Lib\doubleu8.lib        -.--     1.04
FSUBSW                C:\PROGRA~2\U8Dev\Lib\doubleu8.lib        -.--     1.04
FTOESW                C:\PROGRA~2\U8Dev\Lib\doubleu8.lib        -.--     1.04
ROUNSW                C:\PROGRA~2\U8Dev\Lib\doubleu8.lib        -.--     1.04
NORMSW                C:\PROGRA~2\U8Dev\Lib\doubleu8.lib        -.--     1.04
CIDIMOSW              C:\PROGRA~2\U8Dev\Lib\longu8.lib          -.--     1.04
printf_n              C:\PROGRA~2\U8Dev\Lib\LU8100sw.lib        -.--     1.04
xfiles                C:\PROGRA~2\U8Dev\Lib\LU8100sw.lib        -.--     1.04
fwrite_f              C:\PROGRA~2\U8Dev\Lib\LU8100sw.lib        -.--     1.04
memchr_f              C:\PROGRA~2\U8Dev\Lib\LU8100sw.lib        -.--     1.04
memcpy_nf             C:\PROGRA~2\U8Dev\Lib\LU8100sw.lib        -.--     1.04
fflush                C:\PROGRA~2\U8Dev\Lib\LU8100sw.lib        -.--     1.04
EDIVSW                C:\PROGRA~2\U8Dev\Lib\doubleu8.lib        -.--     1.04
CMPFSW                C:\PROGRA~2\U8Dev\Lib\doubleu8.lib        -.--     1.04
ETOFSW                C:\PROGRA~2\U8Dev\Lib\doubleu8.lib        -.--     1.04
FADDSW                C:\PROGRA~2\U8Dev\Lib\doubleu8.lib        -.--     1.04
EADDSW                C:\PROGRA~2\U8Dev\Lib\doubleu8.lib        -.--     1.04
SHIFTSW               C:\PROGRA~2\U8Dev\Lib\doubleu8.lib        -.--     1.04
FCMPSW                C:\PROGRA~2\U8Dev\Lib\doubleu8.lib        -.--     1.04
ECMPSW                C:\PROGRA~2\U8Dev\Lib\doubleu8.lib        -.--     1.04
FILDSW                C:\PROGRA~2\U8Dev\Lib\doubleu8.lib        -.--     1.04
LTOESW                C:\PROGRA~2\U8Dev\Lib\doubleu8.lib        -.--     1.04
FMULSW                C:\PROGRA~2\U8Dev\Lib\doubleu8.lib        -.--     1.04
EMULSW                C:\PROGRA~2\U8Dev\Lib\doubleu8.lib        -.--     1.04
FTOLSW                C:\PROGRA~2\U8Dev\Lib\doubleu8.lib        -.--     1.04
ETOLSW                C:\PROGRA~2\U8Dev\Lib\doubleu8.lib        -.--     1.04
FTODSW                C:\PROGRA~2\U8Dev\Lib\doubleu8.lib        -.--     1.04
ETODSW                C:\PROGRA~2\U8Dev\Lib\doubleu8.lib        -.--     1.04
FULDSW                C:\PROGRA~2\U8Dev\Lib\doubleu8.lib        -.--     1.04
IMULSW                C:\PROGRA~2\U8Dev\Lib\longu8.lib          -.--     1.04
xprintf_nn            C:\PROGRA~2\U8Dev\Lib\LU8100sw.lib        -.--     1.04
xctype                C:\PROGRA~2\U8Dev\Lib\LU8100sw.lib        -.--     1.04
strchr_n              C:\PROGRA~2\U8Dev\Lib\LU8100sw.lib        -.--     1.04
strcpy_nn             C:\PROGRA~2\U8Dev\Lib\LU8100sw.lib        -.--     1.04
xfwprep               C:\PROGRA~2\U8Dev\Lib\LU8100sw.lib        -.--     1.04
malloc_n              C:\PROGRA~2\U8Dev\Lib\LU8100sw.lib        -.--     1.04
xgetmem_n             C:\PROGRA~2\U8Dev\Lib\LU8100sw.lib        -.--     1.04
free_n                C:\PROGRA~2\U8Dev\Lib\LU8100sw.lib        -.--     1.04
xputfld               C:\PROGRA~2\U8Dev\Lib\LU8100sw.lib        -.--     1.04
xldtob                C:\PROGRA~2\U8Dev\Lib\LU8100sw.lib        -.--     1.04
DNEGSW                C:\PROGRA~2\U8Dev\Lib\doubleu8.lib        -.--     1.04
DDIVSW                C:\PROGRA~2\U8Dev\Lib\doubleu8.lib        -.--     1.04
DSUBSW                C:\PROGRA~2\U8Dev\Lib\doubleu8.lib        -.--     1.04
SLDIVSW               C:\PROGRA~2\U8Dev\Lib\longu8.lib          -.--     1.04
xgenld                C:\PROGRA~2\U8Dev\Lib\LU8100sw.lib        -.--     1.04
SIDIVSW               C:\PROGRA~2\U8Dev\Lib\longu8.lib          -.--     1.04
DTOESW                C:\PROGRA~2\U8Dev\Lib\doubleu8.lib        -.--     1.04
strlen_f              C:\PROGRA~2\U8Dev\Lib\LU8100sw.lib        -.--     1.04
ldiv                  C:\PROGRA~2\U8Dev\Lib\LU8100sw.lib        -.--     1.04
xldunsca              C:\PROGRA~2\U8Dev\Lib\LU8100sw.lib        -.--     1.04
xdnorm                C:\PROGRA~2\U8Dev\Lib\LU8100sw.lib        -.--     1.04
SLDIMOSW              C:\PROGRA~2\U8Dev\Lib\longu8.lib          -.--     1.04
memcpy_ff             C:\PROGRA~2\U8Dev\Lib\LU8100sw.lib        -.--     1.04
memcpy_fn             C:\PROGRA~2\U8Dev\Lib\LU8100sw.lib        -.--     1.04
SIDIMOSW              C:\PROGRA~2\U8Dev\Lib\longu8.lib          -.--     1.04
DADDSW                C:\PROGRA~2\U8Dev\Lib\doubleu8.lib        -.--     1.04
DCMPSW                C:\PROGRA~2\U8Dev\Lib\doubleu8.lib        -.--     1.04
DILDSW                C:\PROGRA~2\U8Dev\Lib\doubleu8.lib        -.--     1.04
DMULSW                C:\PROGRA~2\U8Dev\Lib\doubleu8.lib        -.--     1.04
DTOLSW                C:\PROGRA~2\U8Dev\Lib\doubleu8.lib        -.--     1.04
SIMODSW               C:\PROGRA~2\U8Dev\Lib\longu8.lib          -.--     1.04
LMULSW                C:\PROGRA~2\U8Dev\Lib\longu8.lib          -.--     1.04
xlitob                C:\PROGRA~2\U8Dev\Lib\LU8100sw.lib        -.--     1.04
ULMODSW               C:\PROGRA~2\U8Dev\Lib\longu8.lib          -.--     1.04


Number of Modules: 74

Number of Symbols:
 +---------------------------------------------------------------------------+
 |          | CODE | DATA | BIT  |NVDATA|NVBIT |TABLE |NUMBER| TBIT || total |
 |----------+------+------+------+------+------+------+------+------++-------|
 | SEGMENT  |   183|     8|     0|     0|     0|   198|      |      ||    389|
 |----------+------+------+------+------+------+------+------+------++-------|
 | COMMUNAL |     0|     6|     0|     0|     0|     0|      |      ||      6|
 |----------+------+------+------+------+------+------+------+------++-------|
 | PUBLIC   |   134|     2|     0|     0|     0|   155|     0|     0||    291|
 +---------------------------------------------------------------------------+

Target:  ML610112 
Model:   SMALL


Memory Map - Program memory space #0:
      Type     Start      Stop
     -----------------------------
      ROM      00:0000    00:7FFF

Memory Map - Data memory space #0:
      Type     Start      Stop
     -----------------------------
      RAM      00:E000    00:FFFF

Memory Map - Memory space above #1:
      Type     Start      Stop
     -----------------------------
      ROM      02:0000    02:0FFF
      ROM      08:0000    08:7FFF
      ROM      0A:0000    0A:0FFF

                         ------------------
                          Segment Synopsis
                         ------------------

Link Map - Program memory space #0 ( ROMWINDOW: 0000 - 7FFF )

      Type     Start      Stop       Size              Name
     -------------------------------------------------------
      S CODE   00:0000    00:0001    0002(2)           (absolute)
      S CODE   00:0002    00:0003    0002(2)           (absolute)
      S CODE   00:0004    00:0005    0002(2)           (absolute)
      S TABLE  00:0006    00:0006    0001(1)           $$TABKMX61_STBY_REG$main
>GAP<          00:0007    00:0007    0001(1)           (ROM)
      S CODE   00:0008    00:0009    0002(2)           (absolute)
      S TABLE  00:000A    00:000A    0001(1)           $$TABKX022_ODCNTL$main
>GAP<          00:000B    00:000B    0001(1)           (ROM)
      S CODE   00:000C    00:0077    006C(108)         (absolute)
      S TABLE  00:0078    00:00A5    002E(46)          $$NTABmain$main
      S TABLE  00:00A6    00:00F5    0050(80)          $$XNTABxldtob
      S TABLE  00:00F6    00:00F6    0001(1)           $$TABKX022_CNTL3_CFGDAT$main
>GAP<          00:00F7    00:00F7    0001(1)           (ROM)
      S TABLE  00:00F8    00:00F8    0001(1)           $$TABKX022_CNTL1_CFGDAT$main
>GAP<          00:00F9    00:00F9    0001(1)           (ROM)
      S TABLE  00:00FA    00:00FA    0001(1)           $$TABKX022_TILT_TIMER$main
>GAP<          00:00FB    00:00FB    0001(1)           (ROM)
      S TABLE  00:00FC    00:0153    0058(88)          $$XNTABxprintf_nn
      S TABLE  00:0154    00:0154    0001(1)           $$TABBH1730FVC_REG_CONTROL$main
>GAP<          00:0155    00:0155    0001(1)           (ROM)
      S TABLE  00:0156    00:0156    0001(1)           $$TABBH1730FVC_REG_DATA0LOW$main
>GAP<          00:0157    00:0157    0001(1)           (ROM)
      S TABLE  00:0158    00:0255    00FE(254)         $$TAB$$S30$main
      S TABLE  00:0256    00:02D5    0080(128)         $$TABLE_SEGMENT
      S TABLE  00:02D6    00:0306    0031(49)          $$TAB$$S268$main
>GAP<          00:0307    00:0307    0001(1)           (ROM)
      S TABLE  00:0308    00:0339    0032(50)          $$TAB$$S123$main
      S TABLE  00:033A    00:036D    0034(52)          $$TAB$$S132$main
      S TABLE  00:036E    00:03A1    0034(52)          $$TAB$$S141$main
      S TABLE  00:03A2    00:03CF    002E(46)          $$TAB$$S147$main
      S TABLE  00:03D0    00:0401    0032(50)          $$TAB$$S149$main
      S TABLE  00:0402    00:0429    0028(40)          $$TAB$$S160$main
      S TABLE  00:042A    00:0451    0028(40)          $$TAB$$S162$main
      S TABLE  00:0452    00:0485    0034(52)          $$TAB$$S143$main
      S TABLE  00:0486    00:04AD    0028(40)          $$TAB$$S176$main
      S TABLE  00:04AE    00:04D5    0028(40)          $$TAB$$S178$main
      S TABLE  00:04D6    00:04FD    0028(40)          $$TAB$$S180$main
      S TABLE  00:04FE    00:053B    003E(62)          $$TAB$$S182$main
      S TABLE  00:053C    00:05C7    008C(140)         $$TAB$$S184$main
      S TABLE  00:05C8    00:0655    008E(142)         $$TAB$$S197$main
      S TABLE  00:0656    00:06D7    0082(130)         $$TAB$$S247$main
      S TABLE  00:06D8    00:0714    003D(61)          $$TAB$$S249$main
>GAP<          00:0715    00:0715    0001(1)           (ROM)
      S TABLE  00:0716    00:0753    003E(62)          $$TAB$$S251$main
      S TABLE  00:0754    00:0784    0031(49)          $$TAB$$S254$main
>GAP<          00:0785    00:0785    0001(1)           (ROM)
      S TABLE  00:0786    00:07BA    0035(53)          $$TAB$$S256$main
>GAP<          00:07BB    00:07BB    0001(1)           (ROM)
      S TABLE  00:07BC    00:07F7    003C(60)          $$TAB$$S258$main
      S TABLE  00:07F8    00:0826    002F(47)          $$TAB$$S261$main
>GAP<          00:0827    00:0827    0001(1)           (ROM)
      S TABLE  00:0828    00:085A    0033(51)          $$TAB$$S263$main
>GAP<          00:085B    00:085B    0001(1)           (ROM)
      S TABLE  00:085C    00:0899    003E(62)          $$TAB$$S265$main
      S TABLE  00:089A    00:08CE    0035(53)          $$TAB$$S270$main
>GAP<          00:08CF    00:08CF    0001(1)           (ROM)
      S TABLE  00:08D0    00:08D0    0001(1)           $$TABBH1710FVC_CONT_M_RES_MOD$main
>GAP<          00:08D1    00:08D1    0001(1)           (ROM)
      S TABLE  00:08D2    00:08D2    0001(1)           $$TABKMX61_TEMP_EN_CNTL$main
>GAP<          00:08D3    00:08D3    0001(1)           (ROM)
      S TABLE  00:08D4    00:08D4    0001(1)           $$TABKMX61_ODCNTL_CFGDAT$main
>GAP<          00:08D5    00:08D5    0001(1)           (ROM)
      S TABLE  00:08D6    00:0947    0072(114)         $$NINITTAB
      S TABLE  00:0948    00:0948    0001(1)           $$TABKMX61_SELF_TEST_CFGDAT$main
>GAP<          00:0949    00:0949    0001(1)           (ROM)
      S TABLE  00:094A    00:094B    0002(2)           _$$init_malloc_near
      S TABLE  00:094C    00:094C    0001(1)           $$TABKMX61_SELF_TEST$main
>GAP<          00:094D    00:094D    0001(1)           (ROM)
      S TABLE  00:094E    00:094E    0001(1)           $$TABKX022_ODCNTL_CFGDAT$main
>GAP<          00:094F    00:094F    0001(1)           (ROM)
      S TABLE  00:0950    00:0971    0022(34)          $$XNTABxlitob
      S TABLE  00:0972    00:0979    0008(8)           $$init_info
      S TABLE  00:097A    00:097B    0002(2)           $$init_info_end
      S TABLE  00:097C    00:097C    0001(1)           $$TABBH17xxFVC_PWR_ON$main
>GAP<          00:097D    00:097D    0001(1)           (ROM)
      S TABLE  00:097E    00:097E    0001(1)           $$TABKMX61_TEMP_EN_CNTL_CFGDAT$main
>GAP<          00:097F    00:097F    0001(1)           (ROM)
      S TABLE  00:0980    00:0980    0001(1)           $$TABBH1780GLI_REG_CONTROL$main
>GAP<          00:0981    00:0981    0001(1)           (ROM)
      S TABLE  00:0982    00:0982    0001(1)           $$TABKX022_TSCP$main
>GAP<          00:0983    00:0983    0001(1)           (ROM)
      S TABLE  00:0984    00:0984    0001(1)           $$TABBH1730FVC_REG_TIMING$main
>GAP<          00:0985    00:0985    0001(1)           (ROM)
      S TABLE  00:0986    00:0986    0001(1)           $$TABKMX61_BUF_CTRL1_CFGDAT$main
>GAP<          00:0987    00:0987    0001(1)           (ROM)
      S TABLE  00:0988    00:0988    0001(1)           $$TABKMX61_BUF_CTRL2_CFGDAT$main
>GAP<          00:0989    00:0989    0001(1)           (ROM)
      S TABLE  00:098A    00:098A    0001(1)           $$TABKX022_TILT_TIMER_CFGDAT$main
>GAP<          00:098B    00:098B    0001(1)           (ROM)
      S TABLE  00:098C    00:098C    0001(1)           $$TABBH1730FVC_REG_GAIN$main
>GAP<          00:098D    00:098D    0001(1)           (ROM)
      S TABLE  00:098E    00:098E    0001(1)           $$TABKMX61_ODCNTL$main
>GAP<          00:098F    00:098F    0001(1)           (ROM)
      S TABLE  00:0990    00:0990    0001(1)           $$TABKX022_XOUTL$main
>GAP<          00:0991    00:0991    0001(1)           (ROM)
      S TABLE  00:0992    00:0992    0001(1)           $$TABBH1730FVC_REG_INTERRUPT$main
>GAP<          00:0993    00:0993    0001(1)           (ROM)
      S TABLE  00:0994    00:09A3    0010(16)          $$NTABADC_Read$main
      S TABLE  00:09A4    00:09A4    0001(1)           $$TABKX022_CNTL1$main
>GAP<          00:09A5    00:09A5    0001(1)           (ROM)
      S TABLE  00:09A6    00:09AF    000A(10)          $$TAB_uartSetParam$main
      S TABLE  00:09B0    00:09DD    002E(46)          $$NTABSensorInitialization$main
      S TABLE  00:09DE    00:09DE    0001(1)           $$TABKX022_CNTL3$main
>GAP<          00:09DF    00:09DF    0001(1)           (ROM)
      S TABLE  00:09E0    00:09E0    0001(1)           $$TABKMX61_CNTL1$main
>GAP<          00:09E1    00:09E1    0001(1)           (ROM)
      S TABLE  00:09E2    00:09E2    0001(1)           $$TABKMX61_CNTL2$main
>GAP<          00:09E3    00:09E3    0001(1)           (ROM)
      S TABLE  00:09E4    00:09E4    0001(1)           $$TABKMX61_BUF_CTRL1$main
>GAP<          00:09E5    00:09E5    0001(1)           (ROM)
      S TABLE  00:09E6    00:09E6    0001(1)           $$TABKMX61_BUF_CTRL2$main
>GAP<          00:09E7    00:09E7    0001(1)           (ROM)
      S TABLE  00:09E8    00:09E8    0001(1)           $$TABKMX61_ACCEL_XOUT_L$main
>GAP<          00:09E9    00:09E9    0001(1)           (ROM)
      S TABLE  00:09EA    00:09EA    0001(1)           $$TABBH1780GLI_REG_DATALOW$main
>GAP<          00:09EB    00:09EB    0001(1)           (ROM)
      S TABLE  00:09EC    00:0A05    001A(26)          $$TAB$$S53$main
      S TABLE  00:0A06    00:0A06    0001(1)           $$TABKMX61_MAG_XOUT_L$main
>GAP<          00:0A07    00:0A07    0001(1)           (ROM)
      S TABLE  00:0A08    00:0A08    0001(1)           $$TABBH1721FVC_CONT_A_RES_MOD$main
>GAP<          00:0A09    00:0A09    0001(1)           (ROM)
      S TABLE  00:0A0A    00:0A0A    0001(1)           $$TABKMX61_CNTL1_CFGDAT$main
>GAP<          00:0A0B    00:0A0B    0001(1)           (ROM)
      S TABLE  00:0A0C    00:0A0C    0001(1)           $$TABKMX61_CNTL2_CFGDAT$main
>GAP<          00:0A0D    00:0A0D    0001(1)           (ROM)
      S CODE   00:0A0E    00:0A37    002A(42)          $$uart_PortSet$uart
      S CODE   00:0A38    00:0A53    001C(28)          $$_intT16HINT$irq
      S CODE   00:0A54    00:0A6F    001C(28)          $$_intPB0INT$irq
      S CODE   00:0A70    00:0A8B    001C(28)          $$_intPB1INT$irq
      S CODE   00:0A8C    00:0AD5    004A(74)          $$XNCODmemcpy_ff
      S CODE   00:0AD6    00:0BCD    00F8(248)         $$uart_continue$uart
      S CODE   00:0BCE    00:0BE9    001C(28)          $$_intPA0INT$irq
      S CODE   00:0BEA    00:0C2D    0044(68)          $$XNCODmemcpy_fn
      S CODE   00:0C2E    00:0C49    001C(28)          $$_intPA1INT$irq
      S CODE   00:0C4A    00:0C65    001C(28)          $$_intCMP1INT$irq
      S CODE   00:0C66    00:0C6D    0008(8)           $$main_reqNotHalt$main
      S CODE   00:0C6E    00:0C89    001C(28)          $$_intCMP0INT$irq
      S CODE   00:0C8A    00:0C8D    0004(4)           $$_intUart$main
      S CODE   00:0C8E    00:0CC9    003C(60)          $$write$main
      S CODE   00:0CCA    00:0CCB    0002(2)           $$_intUndefHdr$irq
      S CODE   00:0CCC    00:0CCC    0000(0)           $$content_of_init
      S CODE   00:0CCC    00:0CCD    0002(2)           $$end_of_init
      S CODE   00:0CCE    00:0CDB    000E(14)          $$uart_ErrSet$uart
      S CODE   00:0CDC    00:0CF7    001C(28)          $$_intTM8INT$irq
      S CODE   00:0CF8    00:0D13    001C(28)          $$_intTM9INT$irq
      S CODE   00:0D14    00:0D33    0020(32)          $$normu8sw
      S CODE   00:0D34    00:0D4F    001C(28)          $$_intTMEINT$irq
      S CODE   00:0D50    00:0D6F    0020(32)          $$ulmodu8sw
      S CODE   00:0D70    00:0D8B    001C(28)          $$_intTMAINT$irq
      S CODE   00:0D8C    00:0DEF    0064(100)         $$PortD_Low$main
      S CODE   00:0DF0    00:0E9F    00B0(176)         $$MainOp_Temperature_Sensor_20$main
      S CODE   00:0EA0    00:0F75    00D6(214)         $$MainOp_Temperature_Sensor_21$main
      S CODE   00:0F76    00:104B    00D6(214)         $$MainOp_Temperature_Sensor_22$main
      S CODE   00:104C    00:1121    00D6(214)         $$MainOp_Temperature_Sensor_23$main
      S CODE   00:1122    00:1307    01E6(486)         $$XNCODxlitob
      S CODE   00:1308    00:1329    0022(34)          $$shiftu8sw
      S CODE   00:132A    00:1345    001C(28)          $$_intUA0INT$irq
      S CODE   00:1346    00:1361    001C(28)          $$_intUA1INT$irq
      S CODE   00:1362    00:1371    0010(16)          $$simodu8sw
      S CODE   00:1372    00:138F    001E(30)          $$XNCODstrcpy_nn
      S CODE   00:1390    00:1419    008A(138)         $$XNCODxldunsca
      S CODE   00:141A    00:149D    0084(132)         $$i2c_startReceive$i2c
      S CODE   00:149E    00:14A9    000C(12)          $$roundu8sw
      S CODE   00:14AA    00:14DF    0036(54)          $$ndmulu8sw
      S CODE   00:14E0    00:160F    0130(304)         $$MainOp_KX022$main
      S CODE   00:1610    00:1623    0014(20)          $$main_clrWDT$main
      S CODE   00:1624    00:164F    002C(44)          $$nfildu8sw
      S CODE   00:1650    00:1679    002A(42)          $$ndtolu8sw
      S CODE   00:167A    00:16B3    003A(58)          $$nfmulu8sw
      S CODE   00:16B4    00:16DD    002A(42)          $$nftolu8sw
      S CODE   00:16DE    00:1703    0026(38)          $$nftodu8sw
      S CODE   00:1704    00:172F    002C(44)          $$nfuldu8sw
      S CODE   00:1730    00:1B95    0466(1126)        $$XNCODxldtob
      S CODE   00:1B96    00:1BC7    0032(50)          $$irq_setHdr$irq
      S CODE   00:1BC8    00:1C01    003A(58)          $$Init_Ambient_Light_Sensor_6$main
      S CODE   00:1C02    00:1CAD    00AC(172)         $$NOPms$main
      S CODE   00:1CAE    00:1D5F    00B2(178)         $$XNCODfflush
      S CODE   00:1D60    00:1DB5    0056(86)          $$uart_startSend$uart
      S CODE   00:1DB6    00:216F    03BA(954)         $$MainOp_KMX61$main
      S CODE   00:2170    00:2173    0004(4)           $$irq_di$irq
      S CODE   00:2174    00:2177    0004(4)           $$irq_ei$irq
      S CODE   00:2178    00:2193    001C(28)          $$_intT2HINT$irq
      S CODE   00:2194    00:21C9    0036(54)          $$ndaddu8sw
      S CODE   00:21CA    00:21F9    0030(48)          $$ndcmpu8sw
      S CODE   00:21FA    00:2233    003A(58)          $$nfaddu8sw
      S CODE   00:2234    00:2263    0030(48)          $$nfcmpu8sw
      S CODE   00:2264    00:228D    002A(42)          $$lloadu8sw
      S CODE   00:228E    00:22CF    0042(66)          $$lmulu8sw
      S CODE   00:22D0    00:22D1    0002(2)           $$Init_UV_Sensor_10$main
      S CODE   00:22D2    00:22D3    0002(2)           $$_intNullHdr$irq
      S CODE   00:22D4    00:22E3    0010(16)          $$XNCODxgetmem_n
      S CODE   00:22E4    00:23FF    011C(284)         $$MainOp_Ambient_Light_Sensor_5$main
      S CODE   00:2400    00:2471    0072(114)         $$MainOp_Ambient_Light_Sensor_6$main
      S CODE   00:2472    00:270F    029E(670)         $$MainOp_Ambient_Light_Sensor_7$main
      S CODE   00:2710    00:2781    0072(114)         $$MainOp_Ambient_Light_Sensor_8$main
      S CODE   00:2782    00:27D5    0054(84)          $$MainOp_Ambient_Light_Sensor_9$main
      S CODE   00:27D6    00:27E7    0012(18)          $$_funcI2CFin$main
      S CODE   00:27E8    00:283B    0054(84)          $$floadu8sw
      S CODE   00:283C    00:2981    0146(326)         $$uart_init$uart
      S CODE   00:2982    00:29AB    002A(42)          $$uart_PortClear$uart
      S CODE   00:29AC    00:2AA5    00FA(250)         $$daddu8sw
      S CODE   00:2AA6    00:2AFF    005A(90)          $$dcmpu8sw
      S CODE   00:2B00    00:2B27    0028(40)          $$dildu8sw
      S CODE   00:2B28    00:2B51    002A(42)          $$Init_Ambient_Light_Sensor_5$main
      S CODE   00:2B52    00:2BEB    009A(154)         $$Init_Ambient_Light_Sensor_7$main
      S CODE   00:2BEC    00:2C27    003C(60)          $$Init_Ambient_Light_Sensor_8$main
      S CODE   00:2C28    00:2C63    003C(60)          $$Init_Ambient_Light_Sensor_9$main
      S CODE   00:2C64    00:2D9D    013A(314)         $$dmulu8sw
      S CODE   00:2D9E    00:2DC7    002A(42)          $$imulu8sw
      S CODE   00:2DC8    00:2E39    0072(114)         $$dloadu8sw
      S CODE   00:2E3A    00:2F53    011A(282)         $$XNCODfwrite_f
      S CODE   00:2F54    00:2FD3    0080(128)         $$MainOp_Hall_Effect_Sensors_1$main
      S CODE   00:2FD4    00:3009    0036(54)          $$MainOp_Hall_Effect_Sensors_2$main
      S CODE   00:300A    00:30CD    00C4(196)         $$PortB_Low$main
      S CODE   00:30CE    00:31F3    0126(294)         $$i2c_init$i2c
      S CODE   00:31F4    00:320F    001C(28)          $$_intPWDINT$irq
      S CODE   00:3210    00:322B    001C(28)          $$_intPWEINT$irq
      S CODE   00:322C    00:3709    04DE(1246)        $$XNCODxprintf_nn
      S CODE   00:370A    00:3725    001C(28)          $$_intPWFINT$irq
      S CODE   00:3726    00:3767    0042(66)          $$XNCODmemchr_f
      S CODE   00:3768    00:37B3    004C(76)          $$PortA_Low$main
      S CODE   00:37B4    00:37CF    001C(28)          $$_intPWCINT$irq
      S CODE   00:37D0    00:3807    0038(56)          $$tm_init$timer
      S CODE   00:3808    00:3835    002E(46)          $$i2c_stop$i2c
      S CODE   00:3836    00:3CF9    04C4(1220)        $$XNCODxgenld
      S CODE   00:3CFA    00:3D0B    0012(18)          $$ndnegu8sw
      S CODE   00:3D0C    00:3D2B    0020(32)          $$uldivu8sw
      S CODE   00:3D2C    00:3D35    000A(10)          $$_branchHdr$irq
      S CODE   00:3D36    00:3D95    0060(96)          $$sldimou8sw
      S CODE   00:3D96    00:3E55    00C0(192)         $$main$main
      S CODE   00:3E56    00:3E7B    0026(38)          $$XNCODstrlen_f
      S CODE   00:3E7C    00:3E97    001C(28)          $$DeviceSelection$main
      S CODE   00:3E98    00:3EBB    0024(36)          $$XNCODstrchr_n
      S CODE   00:3EBC    00:3F15    005A(90)          $$irq_init$irq
      S CODE   00:3F16    00:3F61    004C(76)          $$I2C_Write$main
      S CODE   00:3F62    00:3F7D    001C(28)          $$uart_stop$uart
      S CODE   00:3F7E    00:4021    00A4(164)         $$XNCODfree_n
      S CODE   00:4022    00:40AD    008C(140)         $$Init_KX022$main
      S CODE   00:40AE    00:40BB    000E(14)          $$sidivu8sw
      S CODE   00:40BC    00:417F    00C4(196)         $$PortC_Low$main
      S CODE   00:4180    00:4199    001A(26)          $$sldivu8sw
      S CODE   00:419A    00:41D9    0040(64)          $$cidimou8sw
      S CODE   00:41DA    00:420D    0034(52)          $$sidimou8sw
      S CODE   00:420E    00:4311    0104(260)         $$Initialization$main
      S CODE   00:4312    00:4319    0008(8)           $$_intADC$main
      S CODE   00:431A    00:4391    0078(120)         $$SensorInitialization$main
      S CODE   00:4392    00:439D    000C(12)          $$uidivu8sw
      S CODE   00:439E    00:43AF    0012(18)          $$_funcUartFin$main
      S CODE   00:43B0    00:43BB    000C(12)          $$_intI2c$main
      S CODE   00:43BC    00:43CF    0014(20)          $$ndsubu8sw
      S CODE   00:43D0    00:4481    00B2(178)         $$XNCODxfwprep
      S CODE   00:4482    00:4483    0002(2)           $$Init_Temperature_Sensor_20$main
      S CODE   00:4484    00:4499    0016(22)          $$Init_Temperature_Sensor_21$main
      S CODE   00:449A    00:44AF    0016(22)          $$Init_Temperature_Sensor_22$main
      S CODE   00:44B0    00:44C5    0016(22)          $$Init_Temperature_Sensor_23$main
      S CODE   00:44C6    00:44D9    0014(20)          $$nfsubu8sw
      S CODE   00:44DA    00:4517    003E(62)          $$lstoru8sw
      S CODE   00:4518    00:4779    0262(610)         $$i2c_continue$i2c
      S CODE   00:477A    00:4795    001C(28)          $$_intPB2INT$irq
      S CODE   00:4796    00:47B1    001C(28)          $$_intPB3INT$irq
      S CODE   00:47B2    00:4839    0088(136)         $$fstoru8sw
      S CODE   00:483A    00:4855    001C(28)          $$_intPA2INT$irq
      S CODE   00:4856    00:4871    001C(28)          $$_intT32HINT$irq
      S CODE   00:4872    00:488D    001C(28)          $$_intVLSINT$irq
      S CODE   00:488E    00:49EF    0162(354)         $$XNCODxdnorm
      S CODE   00:49F0    00:4A55    0066(102)         $$XNCODldiv
      S CODE   00:4A56    00:4A75    0020(32)          $$SetOSC$main
      S CODE   00:4A76    00:4AAB    0036(54)          $$nddivu8sw
      S CODE   00:4AAC    00:4AE5    003A(58)          $$nfdivu8sw
      S CODE   00:4AE6    00:4BDF    00FA(250)         $$Init_KMX61$main
      S CODE   00:4BE0    00:4CF7    0118(280)         $$XNCODmalloc_n
      S CODE   00:4CF8    00:4D13    001C(28)          $$_intSADINT$irq
      S CODE   00:4D14    00:4D2F    001C(28)          $$_intT128HINT$irq
      S CODE   00:4D30    00:51C9    049A(1178)        $$XNCODxputfld
      S CODE   00:51CA    00:5305    013C(316)         $$ADC_Read$main
      S CODE   00:5306    00:5351    004C(76)          $$I2C_Read$main
      S CODE   00:5352    00:537B    002A(42)          $$Init_Hall_Effect_Sensors_1$main
      S CODE   00:537C    00:5391    0016(22)          $$Init_Hall_Effect_Sensors_2$main
      S CODE   00:5392    00:5441    00B0(176)         $$MainOp_UV_Sensor_10$main
      S CODE   00:5442    00:545B    001A(26)          $$_intWDTINT$irq
      S CODE   00:545C    00:550F    00B4(180)         $$dstoru8sw
      S CODE   00:5510    00:552B    001C(28)          $$_intTMFINT$irq
      S CODE   00:552C    00:5585    005A(90)          $$XNCODprintf_n
      S CODE   00:5586    00:55A1    001C(28)          $$_intTMBINT$irq
      S CODE   00:55A2    00:55BD    001C(28)          $$_intI2CSINT$irq
      S CODE   00:55BE    00:56FD    0140(320)         $$ddivu8sw
      S CODE   00:56FE    00:5719    001C(28)          $$_intSIO0INT$irq
      S CODE   00:571A    00:5735    001C(28)          $$cmpfu8sw
      S CODE   00:5736    00:5763    002E(46)          $$div32u8sw
      S CODE   00:5764    00:577F    001C(28)          $$_intI2CMINT$irq
      S CODE   00:5780    00:580F    0090(144)         $$NCODml610112sw
      S CODE   00:5810    00:584D    003E(62)          $$XNCODmemcpy_nf
      S CODE   00:584E    00:58C3    0076(118)         $$i2c_startSend$i2c
      S TABLE  00:58C4    00:59C8    0105(261)         $$XFTABxctype
>GAP<          00:59C9    00:7FDF    2617(9751)        (ROM)
      S CODE   00:7FE0    00:7FFF    0020(32)          (absolute)


Link Map - Data memory space #0

      Type     Start      Stop       Size              Name
     -------------------------------------------------------
      Q ROMWIN 00:0000    00:7FFF    8000(32768)       (ROMWIN)
      S DATA   00:E000    00:EDA5    0DA6(3494)        _$$dynamic_near
      S DATA   00:EDA6    00:EEA5    0100(256)         $STACK
      S DATA   00:EEA6    00:EEE3    003E(62)          $$NVARirq
      S DATA   00:EEE4    00:EF33    0050(80)          $$XNVARxfiles
      C DATA   00:EF34    00:EF3F    000C(12)          _flSensorOut
      S DATA   00:EF40    00:EF40    0001(1)           $$NVARuart
      C DATA   00:EF41    00:EF41    0001(1)           __flgADCFin
      S DATA   00:EF42    00:EF42    0001(1)           $$NVARmain
      C DATA   00:EF43    00:EF43    0001(1)           __reqNotHalt
      C DATA   00:EF44    00:EF49    0006(6)           _uniRawSensorOut
      S DATA   00:EF4A    00:EFBB    0072(114)         $$NINITVAR
      S DATA   00:EFBC    00:EFFD    0042(66)          $$XNVARxprintf_nn
      C DATA   00:EFFE    00:EFFE    0001(1)           __flgI2CFin
      C DATA   00:EFFF    00:EFFF    0001(1)           __flgUartFin
      Q SFR    00:F000    00:FFFF    1000(4096)        (SFR)


Link Map - Memory space above #1

      Type     Start      Stop       Size              Name
     -------------------------------------------------------
 ---
      S TABLE  02:0000    02:0FFF    1000(4096)        (absolute)
 ---
      S TABLE  08:0000    08:7FFF    8000(32768)       (absolute)
 ---
      S TABLE  0A:0000    0A:0FFF    1000(4096)        (absolute)


Not Linked segments:

      Module Name         Type       Size              Segment Name 
     --------------------------------------------------------------
      i2c
                          CODE       0006(6)           $$i2c_getTransSize$i2c
                          CODE       0012(18)          $$i2c_checkIRQ$i2c
                          CODE       0006(6)           $$i2c_clearIRQ$i2c
     --------------------------------------------------------------
      main
                          TABLE      0001(1)           $$TABBH1710FVC_ONET_L_RES_MOD$main
                          TABLE      0001(1)           $$TABKMX61_INS1$main
                          TABLE      0001(1)           $$TABKMX61_INS2$main
                          TABLE      0001(1)           $$TABBH1730FVC_REG_THHLOW$main
                          TABLE      0001(1)           $$TABKMX61_INC1$main
                          TABLE      0001(1)           $$TABKMX61_INC2$main
                          TABLE      0001(1)           $$TABKMX61_INC3$main
                          TABLE      0001(1)           $$TABBH1710FVC_ONET_H_RES_MOD$main
                          TABLE      0001(1)           $$TABBH1730FVC_REG_DATA1LOW$main
                          TABLE      0001(1)           $$TABKX022_COTR$main
                          TABLE      0001(1)           $$TABKMX61_ACCEL_YOUT_H$main
                          TABLE      0001(1)           $$TABKMX61_ACCEL_YOUT_L$main
                          TABLE      0001(1)           $$TABKMX61_SN_1$main
                          TABLE      0001(1)           $$TABKMX61_SN_2$main
                          TABLE      0001(1)           $$TABKMX61_SN_3$main
                          TABLE      0001(1)           $$TABKMX61_SN_4$main
                          TABLE      0001(1)           $$TABBH1730FVC_CMD_STOP_MIM$main
                          TABLE      0001(1)           $$TABKX022_BUF_CNTL1$main
                          TABLE      0001(1)           $$TABKX022_BUF_CNTL2$main
                          TABLE      0001(1)           $$TABKMX61_ZOUT_HPF_H$main
                          TABLE      0001(1)           $$TABKMX61_ZOUT_HPF_L$main
                          TABLE      0001(1)           $$TABBH1710FVC_CONT_H_RES_MOD$main
                          TABLE      0001(1)           $$TABBH1721FVC_CONT_H_RES_MOD$main
                          TABLE      0001(1)           $$TABKX022_TDTRC$main
                          TABLE      0001(1)           $$TABBH1730FVC_REG_DATA1HIGH$main
                          TABLE      0001(1)           $$TABKMX61_INL$main
                          TABLE      0001(1)           $$TABKMX61_XOUT_HPF_H$main
                          TABLE      0001(1)           $$TABKMX61_XOUT_HPF_L$main
                          TABLE      0001(1)           $$TABBH17xxFVC_PWR_DOWN$main
                          TABLE      0001(1)           $$TABKX022_ATH$main
                          TABLE      0001(1)           $$TABBH1730FVC_REG_THLLOW$main
                          TABLE      0001(1)           $$TABKMX61_BTH$main
                          TABLE      0001(1)           $$TABKX022_WHO_AM_I$main
                          TABLE      0001(1)           $$TABBH1780GLI_REG_DATAHIGH$main
                          TABLE      0001(1)           $$TABKMX61_I2C_ADDR$main
                          TABLE      0001(1)           $$TABBH1730FVC_REG_THLHIGH$main
                          TABLE      0001(1)           $$TABKMX61_BUF_CLEAR$main
                          TABLE      0001(1)           $$TABKX022_YOUTH$main
                          TABLE      0001(1)           $$TABKX022_YOUTL$main
                          TABLE      0001(1)           $$TABKMX61_STATUS_REG$main
                          TABLE      0001(1)           $$TABBH1710FVC_RESET$main
                          TABLE      0001(1)           $$TABKMX61_ACCEL_ZOUT_H$main
                          TABLE      0001(1)           $$TABKMX61_ACCEL_ZOUT_L$main
                          TABLE      0001(1)           $$TABKMX61_BTSC$main
                          TABLE      0001(1)           $$TABKMX61_COTR$main
                          TABLE      0001(1)           $$TABKX022_ZOUTH$main
                          TABLE      0001(1)           $$TABKX022_ZOUTL$main
                          TABLE      0001(1)           $$TABKMX61_MAG_ZOUT_H$main
                          TABLE      0001(1)           $$TABKMX61_MAG_ZOUT_L$main
                          TABLE      0000(0)           $$NTABmain
                          TABLE      0001(1)           $$TABBH1730FVC_REG_ID$main
                          TABLE      0001(1)           $$TABKX022_INT_REL$main
                          TABLE      0001(1)           $$TABKX022_HYST_SET$main
                          TABLE      0001(1)           $$TABKX022_BUF_CLEAR$main
                          TABLE      0001(1)           $$TABKMX61_BUF_STATUS_H$main
                          TABLE      0001(1)           $$TABKMX61_BUF_STATUS_L$main
                          TABLE      0001(1)           $$TABKX022_I2C_ADDR$main
                          TABLE      0001(1)           $$TABKMX61_TEMP_OUT_H$main
                          TABLE      0001(1)           $$TABKMX61_TEMP_OUT_L$main
                          TABLE      0001(1)           $$TABKX022_XHPH$main
                          TABLE      0001(1)           $$TABKX022_XHPL$main
                          TABLE      0001(1)           $$TABBH1730FVC_REG_THHHIGH$main
                          TABLE      0001(1)           $$TABKX022_WUFC$main
                          TABLE      0001(1)           $$TABKX022_YHPH$main
                          TABLE      0001(1)           $$TABKX022_YHPL$main
                          TABLE      0001(1)           $$TABKX022_BUF_READ$main
                          TABLE      0001(1)           $$TABBH1730FVC_CMD_RESET_INT_OUT$main
                          TABLE      0001(1)           $$TABKX022_TSPP$main
                          TABLE      0001(1)           $$TABBH1730FVC_CMD_SW_RESET$main
                          TABLE      0001(1)           $$TABKX022_LP_CNTL$main
                          TABLE      0001(1)           $$TABKX022_TILT_ANGLE_HL$main
                          TABLE      0001(1)           $$TABKMX61_MAG_YOUT_H$main
                          TABLE      0001(1)           $$TABKMX61_MAG_YOUT_L$main
                          TABLE      0001(1)           $$TABKX022_TILT_ANGLE_LL$main
                          TABLE      0001(1)           $$TABBH17xxFVC_ADDR_1$main
                          TABLE      0001(1)           $$TABBH17xxFVC_ADDR_2$main
                          TABLE      0001(1)           $$TABKMX61_WUFTH$main
                          TABLE      0001(1)           $$TABKMX61_BUF_THRESH_H$main
                          TABLE      0001(1)           $$TABKMX61_BUF_THRESH_L$main
                          TABLE      0001(1)           $$TABKX022_XOUTH$main
                          TABLE      0001(1)           $$TABKX022_ZHPH$main
                          TABLE      0001(1)           $$TABKX022_ZHPL$main
                          TABLE      0001(1)           $$TABKX022_INS1$main
                          TABLE      0001(1)           $$TABKX022_INS2$main
                          TABLE      0001(1)           $$TABKX022_INS3$main
                          TABLE      0001(1)           $$TABKMX61_WHO_AM_I$main
                          TABLE      0001(1)           $$TABKMX61_WUFC$main
                          TABLE      0001(1)           $$TABKX022_INC1$main
                          TABLE      0001(1)           $$TABKX022_INC2$main
                          TABLE      0001(1)           $$TABKX022_INC3$main
                          TABLE      0001(1)           $$TABKMX61_BUF_READ$main
                          TABLE      0001(1)           $$TABKX022_INC4$main
                          TABLE      0001(1)           $$TABKX022_INC5$main
                          TABLE      0001(1)           $$TABKX022_INC6$main
                          TABLE      0001(1)           $$TABKX022_CNTL2$main
                          TABLE      0001(1)           $$TABKX022_TLT$main
                          TABLE      0001(1)           $$TABKX022_TTH$main
                          TABLE      0001(1)           $$TABKX022_TTL$main
                          TABLE      0001(1)           $$TABKX022_TWS$main
                          TABLE      0001(1)           $$TABBH1730FVC_CMD_START_MIM$main
                          TABLE      0001(1)           $$TABKX022_STAT$main
                          TABLE      0001(1)           $$TABBH1780GLI_REG_PART_ID$main
                          TABLE      0001(1)           $$TABKMX61_ACCEL_XOUT_H$main
                          TABLE      0001(1)           $$TABBH1730FVC_REG_DATA0HIGH$main
                          TABLE      0001(1)           $$TABKX022_STD$main
                          TABLE      0001(1)           $$TABKMX61_YOUT_HPF_H$main
                          TABLE      0001(1)           $$TABKMX61_YOUT_HPF_L$main
                          TABLE      0001(1)           $$TABKX022_FTD$main
                          TABLE      0001(1)           $$TABKX022_TDTC$main
                          TABLE      0001(1)           $$TABKMX61_MAG_XOUT_H$main
                          TABLE      0001(1)           $$TABKX022_BUF_STATUS_1$main
                          TABLE      0001(1)           $$TABKX022_BUF_STATUS_2$main
                          TABLE      0001(1)           $$TABKMX61_BUF_STATUS_REG$main
                          TABLE      0001(1)           $$TABBH1780GLI_REG_MFG_ID$main
                          TABLE      0001(1)           $$TABBH1710FVC_CONT_L_RES_MOD$main
                          TABLE      0001(1)           $$TABBH1721FVC_CONT_L_RES_MOD$main
                          TABLE      0001(1)           $$TABKX022_SELF_TEST$main
                          TABLE      0001(1)           $$TABBH1710FVC_ONET_M_RES_MOD$main
     --------------------------------------------------------------
      uart
                          CODE       0006(6)           $$uart_clearIRQ$uart
                          CODE       0012(18)          $$uart_checkIRQ$uart
                          CODE       0008(8)           $$uart_ErrClr$uart
                          CODE       0006(6)           $$uart_ErrGet$uart
                          CODE       0006(6)           $$uart_getTransSize$uart
                          CODE       0042(66)          $$uart_startReceive$uart
     --------------------------------------------------------------


Total size (CODE  ) = 04F4A   (20298)
Total size (DATA  ) = 01000   (4096)
Total size (BIT   ) = 00000.0 (0.0)
Total size (NVDATA) = 00000   (0)
Total size (NVBIT ) = 00000.0 (0.0)
Total size (TABLE ) = 0AA73   (43635)

          -----------------------
           Symbol Table Synopsis
          -----------------------

Module         Value     Type         Symbol
------         -----     ----------   ------
i2c
               00:3808   Pub CODE     _i2c_stop
               00:141A   Pub CODE     _i2c_startReceive
               00:4518   Pub CODE     _i2c_continue
               00:584E   Pub CODE     _i2c_startSend
               00:30CE   Pub CODE     _i2c_init
               00:EF4A   Loc DATA     __gsCtrlParam

Module         Value     Type         Symbol
------         -----     ----------   ------
irq
               00:0C4A   Loc CODE     __intCMP1INT
               00:4856   Loc CODE     __intT32HINT
               00:0C6E   Loc CODE     __intCMP0INT
               00:0CDC   Loc CODE     __intTM8INT
               00:0CF8   Loc CODE     __intTM9INT
               00:4D14   Loc CODE     __intT128HINT
               00:2178   Loc CODE     __intT2HINT
               00:5764   Loc CODE     __intI2CMINT
               00:5442   Loc CODE     __intWDTINT
               00:0BCE   Loc CODE     __intPA0INT
               00:0D70   Loc CODE     __intTMAINT
               00:0C2E   Loc CODE     __intPA1INT
               00:56FE   Loc CODE     __intSIO0INT
               00:55A2   Loc CODE     __intI2CSINT
               00:4CF8   Loc CODE     __intSADINT
               00:0A54   Loc CODE     __intPB0INT
               00:3D2C   Loc CODE     __branchHdr
               00:0D34   Loc CODE     __intTMEINT
               00:0A70   Loc CODE     __intPB1INT
               00:5586   Loc CODE     __intTMBINT
               00:483A   Loc CODE     __intPA2INT
               00:0A38   Loc CODE     __intT16HINT
               00:5510   Loc CODE     __intTMFINT
               00:477A   Loc CODE     __intPB2INT
               00:4796   Loc CODE     __intPB3INT
               00:31F4   Loc CODE     __intPWDINT
               00:3210   Loc CODE     __intPWEINT
               00:37B4   Loc CODE     __intPWCINT
               00:132A   Loc CODE     __intUA0INT
               00:0CCA   Loc CODE     __intUndefHdr
               00:1346   Loc CODE     __intUA1INT
               00:370A   Loc CODE     __intPWFINT
               00:4872   Loc CODE     __intVLSINT
               00:3EBC   Pub CODE     _irq_init
               00:2170   Pub CODE     _irq_di
               00:2174   Pub CODE     _irq_ei
               00:1B96   Pub CODE     _irq_setHdr
               00:22D2   Loc CODE     __intNullHdr
               00:EEA6   Loc DATA     __sIrqHdr

Module         Value     Type         Symbol
------         -----     ----------   ------
main
               00:5352   Pub CODE     _Init_Hall_Effect_Sensors_1
               00:537C   Pub CODE     _Init_Hall_Effect_Sensors_2
               00:2F54   Pub CODE     _MainOp_Hall_Effect_Sensors_1
               00:2FD4   Pub CODE     _MainOp_Hall_Effect_Sensors_2
               00:1C02   Pub CODE     _NOPms
               00:0DF0   Pub CODE     _MainOp_Temperature_Sensor_20
               00:0EA0   Pub CODE     _MainOp_Temperature_Sensor_21
               00:0F76   Pub CODE     _MainOp_Temperature_Sensor_22
               00:104C   Pub CODE     _MainOp_Temperature_Sensor_23
               00:1610   Pub CODE     _main_clrWDT
               00:0C66   Pub CODE     _main_reqNotHalt
               00:5392   Pub CODE     _MainOp_UV_Sensor_10
               00:3E7C   Pub CODE     _DeviceSelection
               00:4022   Pub CODE     _Init_KX022
               00:1DB6   Pub CODE     _MainOp_KMX61
               00:4482   Pub CODE     _Init_Temperature_Sensor_20
               00:4484   Pub CODE     _Init_Temperature_Sensor_21
               00:449A   Pub CODE     _Init_Temperature_Sensor_22
               00:3D96   Pub CODE     _main
               00:44B0   Pub CODE     _Init_Temperature_Sensor_23
               00:22D0   Pub CODE     _Init_UV_Sensor_10
               00:431A   Pub CODE     _SensorInitialization
               00:3F16   Pub CODE     _I2C_Write
               00:0D8C   Pub CODE     _PortD_Low
               00:0C8E   Pub CODE     _write
               00:40BC   Pub CODE     _PortC_Low
               00:300A   Pub CODE     _PortB_Low
               00:5306   Pub CODE     _I2C_Read
               00:51CA   Pub CODE     _ADC_Read
               00:14E0   Pub CODE     _MainOp_KX022
               00:2B28   Pub CODE     _Init_Ambient_Light_Sensor_5
               00:1BC8   Pub CODE     _Init_Ambient_Light_Sensor_6
               00:2B52   Pub CODE     _Init_Ambient_Light_Sensor_7
               00:2BEC   Pub CODE     _Init_Ambient_Light_Sensor_8
               00:2C28   Pub CODE     _Init_Ambient_Light_Sensor_9
               00:3768   Pub CODE     _PortA_Low
               00:4AE6   Pub CODE     _Init_KMX61
               00:2710   Pub CODE     _MainOp_Ambient_Light_Sensor_8
               00:2782   Pub CODE     _MainOp_Ambient_Light_Sensor_9
               00:22E4   Pub CODE     _MainOp_Ambient_Light_Sensor_5
               00:2400   Pub CODE     _MainOp_Ambient_Light_Sensor_6
               00:2472   Pub CODE     _MainOp_Ambient_Light_Sensor_7
               00:09EA   Pub TABLE    _BH1780GLI_REG_DATALOW
               00:0A08   Pub TABLE    _BH1721FVC_CONT_A_RES_MOD
               00:097E   Pub TABLE    _KMX61_TEMP_EN_CNTL_CFGDAT
               00:0A0A   Pub TABLE    _KMX61_CNTL1_CFGDAT
               00:0A0C   Pub TABLE    _KMX61_CNTL2_CFGDAT
               00:098E   Pub TABLE    _KMX61_ODCNTL
               00:0992   Pub TABLE    _BH1730FVC_REG_INTERRUPT
               00:0990   Pub TABLE    _KX022_XOUTL
               00:0006   Pub TABLE    _KMX61_STBY_REG
               00:08D0   Pub TABLE    _BH1710FVC_CONT_M_RES_MOD
               00:00F8   Pub TABLE    _KX022_CNTL1_CFGDAT
               00:00F6   Pub TABLE    _KX022_CNTL3_CFGDAT
               00:000A   Pub TABLE    _KX022_ODCNTL
               00:0982   Pub TABLE    _KX022_TSCP
               00:08D4   Pub TABLE    _KMX61_ODCNTL_CFGDAT
               00:0984   Pub TABLE    _BH1730FVC_REG_TIMING
               00:098A   Pub TABLE    _KX022_TILT_TIMER_CFGDAT
               00:08D2   Pub TABLE    _KMX61_TEMP_EN_CNTL
               00:09E0   Pub TABLE    _KMX61_CNTL1
               00:09E2   Pub TABLE    _KMX61_CNTL2
               00:0154   Pub TABLE    _BH1730FVC_REG_CONTROL
               00:097C   Pub TABLE    _BH17xxFVC_PWR_ON
               00:094E   Pub TABLE    _KX022_ODCNTL_CFGDAT
               00:0980   Pub TABLE    _BH1780GLI_REG_CONTROL
               00:0948   Pub TABLE    _KMX61_SELF_TEST_CFGDAT
               00:09A4   Pub TABLE    _KX022_CNTL1
               00:09DE   Pub TABLE    _KX022_CNTL3
               00:09E8   Pub TABLE    _KMX61_ACCEL_XOUT_L
               00:0988   Pub TABLE    _KMX61_BUF_CTRL2_CFGDAT
               00:0986   Pub TABLE    _KMX61_BUF_CTRL1_CFGDAT
               00:098C   Pub TABLE    _BH1730FVC_REG_GAIN
               00:09E4   Pub TABLE    _KMX61_BUF_CTRL1
               00:09E6   Pub TABLE    _KMX61_BUF_CTRL2
               00:0156   Pub TABLE    _BH1730FVC_REG_DATA0LOW
               00:0A06   Pub TABLE    _KMX61_MAG_XOUT_L
               00:094C   Pub TABLE    _KMX61_SELF_TEST
               00:00FA   Pub TABLE    _KX022_TILT_TIMER
               00:439E   Loc CODE     __funcUartFin
               00:420E   Loc CODE     _Initialization
               00:0C8A   Loc CODE     __intUart
               00:43B0   Loc CODE     __intI2c
               00:4A56   Loc CODE     _SetOSC
               00:4312   Loc CODE     __intADC
               00:27D6   Loc CODE     __funcI2CFin
               00:09A6   Loc TABLE    __uartSetParam
               00:EF42   Loc DATA     _SensorPlatformSelection
               00:EF5A   Loc DATA     _SensorIntializationFlag

Module         Value     Type         Symbol
------         -----     ----------   ------
ml610112
              0000EFFF   Loc NUMBER   NEAR_RAM_END
              0000E000   Loc NUMBER   NEAR_RAM_START
               00:57A2   Loc CODE     __wdtcounter_clear
              000000FF   Loc NUMBER   _$$WINVAL
               00:7FFF   Loc TABLE    _$$ROMWINEND
               00:5784   Loc CODE     $begin
               00:0000   Loc TABLE    _$$ROMWINSTART
               00:57B6   Loc CODE     __init_loop
               00:5802   Loc CODE     __init_end
               00:5782   Loc CODE     $$brk_reset
               00:57C2   Loc CODE     __skip
               00:57DE   Loc CODE     __init_loop2
               00:57F0   Loc CODE     __loop_by_byte
               00:5792   Loc CODE     __near_ram_loop
               00:5780   Pub CODE     $$start_up


Module         Value     Type         Symbol
------         -----     ----------   ------
tbc

Module         Value     Type         Symbol
------         -----     ----------   ------
timer
               00:37D0   Pub CODE     _tm_init

Module         Value     Type         Symbol
------         -----     ----------   ------
uart
               00:0A0E   Pub CODE     _uart_PortSet
               00:283C   Pub CODE     _uart_init
               00:0CCE   Pub CODE     _uart_ErrSet
               00:3F62   Pub CODE     _uart_stop
               00:1D60   Pub CODE     _uart_startSend
               00:0AD6   Pub CODE     _uart_continue
               00:2982   Pub CODE     _uart_PortClear
               00:EF40   Loc DATA     __Err_Status
               00:EF5C   Loc DATA     __gsCtrlParam

Module         Value     Type         Symbol
------         -----     ----------   ------
printf_n

Module         Value     Type         Symbol
------         -----     ----------   ------
xfiles

Module         Value     Type         Symbol
------         -----     ----------   ------
fwrite_f

Module         Value     Type         Symbol
------         -----     ----------   ------
memchr_f

Module         Value     Type         Symbol
------         -----     ----------   ------
memcpy_nf

Module         Value     Type         Symbol
------         -----     ----------   ------
fflush

Module         Value     Type         Symbol
------         -----     ----------   ------
xprintf_nn

Module         Value     Type         Symbol
------         -----     ----------   ------
xctype

Module         Value     Type         Symbol
------         -----     ----------   ------
strchr_n

Module         Value     Type         Symbol
------         -----     ----------   ------
strcpy_nn

Module         Value     Type         Symbol
------         -----     ----------   ------
xfwprep

Module         Value     Type         Symbol
------         -----     ----------   ------
malloc_n

Module         Value     Type         Symbol
------         -----     ----------   ------
xgetmem_n

Module         Value     Type         Symbol
------         -----     ----------   ------
free_n

Module         Value     Type         Symbol
------         -----     ----------   ------
xputfld

Module         Value     Type         Symbol
------         -----     ----------   ------
xldtob

Module         Value     Type         Symbol
------         -----     ----------   ------
xgenld

Module         Value     Type         Symbol
------         -----     ----------   ------
strlen_f

Module         Value     Type         Symbol
------         -----     ----------   ------
ldiv

Module         Value     Type         Symbol
------         -----     ----------   ------
xldunsca

Module         Value     Type         Symbol
------         -----     ----------   ------
xdnorm

Module         Value     Type         Symbol
------         -----     ----------   ------
memcpy_ff

Module         Value     Type         Symbol
------         -----     ----------   ------
memcpy_fn

Module         Value     Type         Symbol
------         -----     ----------   ------
xlitob

End of mapfile.
