RLU8 Object Linker, Ver.1.51.2 Linkage Information
[Mon Oct 06 13:31:31 2014]


                         ------------------
                          Control Synopsis
                         ------------------

I/O controls:    D  SD NS NA
Other controls: CC STACK( 0100H(256) )
                COMB( $$content_of_init $$end_of_init )
                COMB( $$init_info $$init_info_end )



                        ------------------------
                         Object Module Synopsis
                        ------------------------
                                                                Creator
Module Name           File Name                                 CCU8     RASU8
-----------           ---------                                 -----    -----
i2c                   _output\_obj\i2c.obj                      3.41     1.61
irq                   _output\_obj\irq.obj                      3.41     1.61
main                  _output\_obj\main.obj                     3.41     1.61
ml610112              _output\_obj\ml610112.obj                 -.--     1.61
tbc                   _output\_obj\tbc.obj                      3.41     1.61
timer                 _output\_obj\timer.obj                    3.41     1.61
uart                  _output\_obj\uart.obj                     3.41     1.61
ULDIVSW               C:\PROGRA~2\U8Dev\Lib\longu8.lib          -.--     1.04
DIV32SW               C:\PROGRA~2\U8Dev\Lib\longu8.lib          -.--     1.04
UIDIVSW               C:\PROGRA~2\U8Dev\Lib\longu8.lib          -.--     1.04
FDIVSW                C:\PROGRA~2\U8Dev\Lib\doubleu8.lib        -.--     1.04
FSUBSW                C:\PROGRA~2\U8Dev\Lib\doubleu8.lib        -.--     1.04
FTOESW                C:\PROGRA~2\U8Dev\Lib\doubleu8.lib        -.--     1.04
ROUNSW                C:\PROGRA~2\U8Dev\Lib\doubleu8.lib        -.--     1.04
NORMSW                C:\PROGRA~2\U8Dev\Lib\doubleu8.lib        -.--     1.04
CIDIMOSW              C:\PROGRA~2\U8Dev\Lib\longu8.lib          -.--     1.04
printf_n              C:\PROGRA~2\U8Dev\Lib\LU8100sw.lib        -.--     1.04
xfiles                C:\PROGRA~2\U8Dev\Lib\LU8100sw.lib        -.--     1.04
fwrite_f              C:\PROGRA~2\U8Dev\Lib\LU8100sw.lib        -.--     1.04
memchr_f              C:\PROGRA~2\U8Dev\Lib\LU8100sw.lib        -.--     1.04
memcpy_nf             C:\PROGRA~2\U8Dev\Lib\LU8100sw.lib        -.--     1.04
fflush                C:\PROGRA~2\U8Dev\Lib\LU8100sw.lib        -.--     1.04
EDIVSW                C:\PROGRA~2\U8Dev\Lib\doubleu8.lib        -.--     1.04
CMPFSW                C:\PROGRA~2\U8Dev\Lib\doubleu8.lib        -.--     1.04
ETOFSW                C:\PROGRA~2\U8Dev\Lib\doubleu8.lib        -.--     1.04
FADDSW                C:\PROGRA~2\U8Dev\Lib\doubleu8.lib        -.--     1.04
EADDSW                C:\PROGRA~2\U8Dev\Lib\doubleu8.lib        -.--     1.04
SHIFTSW               C:\PROGRA~2\U8Dev\Lib\doubleu8.lib        -.--     1.04
FCMPSW                C:\PROGRA~2\U8Dev\Lib\doubleu8.lib        -.--     1.04
ECMPSW                C:\PROGRA~2\U8Dev\Lib\doubleu8.lib        -.--     1.04
FILDSW                C:\PROGRA~2\U8Dev\Lib\doubleu8.lib        -.--     1.04
LTOESW                C:\PROGRA~2\U8Dev\Lib\doubleu8.lib        -.--     1.04
FMULSW                C:\PROGRA~2\U8Dev\Lib\doubleu8.lib        -.--     1.04
EMULSW                C:\PROGRA~2\U8Dev\Lib\doubleu8.lib        -.--     1.04
FTOLSW                C:\PROGRA~2\U8Dev\Lib\doubleu8.lib        -.--     1.04
ETOLSW                C:\PROGRA~2\U8Dev\Lib\doubleu8.lib        -.--     1.04
FTODSW                C:\PROGRA~2\U8Dev\Lib\doubleu8.lib        -.--     1.04
ETODSW                C:\PROGRA~2\U8Dev\Lib\doubleu8.lib        -.--     1.04
FULDSW                C:\PROGRA~2\U8Dev\Lib\doubleu8.lib        -.--     1.04
IMULSW                C:\PROGRA~2\U8Dev\Lib\longu8.lib          -.--     1.04
xprintf_nn            C:\PROGRA~2\U8Dev\Lib\LU8100sw.lib        -.--     1.04
xctype                C:\PROGRA~2\U8Dev\Lib\LU8100sw.lib        -.--     1.04
strchr_n              C:\PROGRA~2\U8Dev\Lib\LU8100sw.lib        -.--     1.04
strcpy_nn             C:\PROGRA~2\U8Dev\Lib\LU8100sw.lib        -.--     1.04
xfwprep               C:\PROGRA~2\U8Dev\Lib\LU8100sw.lib        -.--     1.04
malloc_n              C:\PROGRA~2\U8Dev\Lib\LU8100sw.lib        -.--     1.04
xgetmem_n             C:\PROGRA~2\U8Dev\Lib\LU8100sw.lib        -.--     1.04
free_n                C:\PROGRA~2\U8Dev\Lib\LU8100sw.lib        -.--     1.04
xputfld               C:\PROGRA~2\U8Dev\Lib\LU8100sw.lib        -.--     1.04
xldtob                C:\PROGRA~2\U8Dev\Lib\LU8100sw.lib        -.--     1.04
DNEGSW                C:\PROGRA~2\U8Dev\Lib\doubleu8.lib        -.--     1.04
DDIVSW                C:\PROGRA~2\U8Dev\Lib\doubleu8.lib        -.--     1.04
DSUBSW                C:\PROGRA~2\U8Dev\Lib\doubleu8.lib        -.--     1.04
SLDIVSW               C:\PROGRA~2\U8Dev\Lib\longu8.lib          -.--     1.04
xgenld                C:\PROGRA~2\U8Dev\Lib\LU8100sw.lib        -.--     1.04
SIDIVSW               C:\PROGRA~2\U8Dev\Lib\longu8.lib          -.--     1.04
DTOESW                C:\PROGRA~2\U8Dev\Lib\doubleu8.lib        -.--     1.04
strlen_f              C:\PROGRA~2\U8Dev\Lib\LU8100sw.lib        -.--     1.04
ldiv                  C:\PROGRA~2\U8Dev\Lib\LU8100sw.lib        -.--     1.04
xldunsca              C:\PROGRA~2\U8Dev\Lib\LU8100sw.lib        -.--     1.04
xdnorm                C:\PROGRA~2\U8Dev\Lib\LU8100sw.lib        -.--     1.04
SLDIMOSW              C:\PROGRA~2\U8Dev\Lib\longu8.lib          -.--     1.04
memcpy_ff             C:\PROGRA~2\U8Dev\Lib\LU8100sw.lib        -.--     1.04
memcpy_fn             C:\PROGRA~2\U8Dev\Lib\LU8100sw.lib        -.--     1.04
SIDIMOSW              C:\PROGRA~2\U8Dev\Lib\longu8.lib          -.--     1.04
DADDSW                C:\PROGRA~2\U8Dev\Lib\doubleu8.lib        -.--     1.04
DCMPSW                C:\PROGRA~2\U8Dev\Lib\doubleu8.lib        -.--     1.04
DILDSW                C:\PROGRA~2\U8Dev\Lib\doubleu8.lib        -.--     1.04
DMULSW                C:\PROGRA~2\U8Dev\Lib\doubleu8.lib        -.--     1.04
DTOLSW                C:\PROGRA~2\U8Dev\Lib\doubleu8.lib        -.--     1.04
SIMODSW               C:\PROGRA~2\U8Dev\Lib\longu8.lib          -.--     1.04
LMULSW                C:\PROGRA~2\U8Dev\Lib\longu8.lib          -.--     1.04
xlitob                C:\PROGRA~2\U8Dev\Lib\LU8100sw.lib        -.--     1.04
ULMODSW               C:\PROGRA~2\U8Dev\Lib\longu8.lib          -.--     1.04


Number of Modules: 74

Number of Symbols:
 +---------------------------------------------------------------------------+
 |          | CODE | DATA | BIT  |NVDATA|NVBIT |TABLE |NUMBER| TBIT || total |
 |----------+------+------+------+------+------+------+------+------++-------|
 | SEGMENT  |   184|     8|     0|     0|     0|   198|      |      ||    390|
 |----------+------+------+------+------+------+------+------+------++-------|
 | COMMUNAL |     0|     6|     0|     0|     0|     0|      |      ||      6|
 |----------+------+------+------+------+------+------+------+------++-------|
 | PUBLIC   |   135|     2|     0|     0|     0|   155|     0|     0||    292|
 +---------------------------------------------------------------------------+

Target:  ML610112 
Model:   SMALL


Memory Map - Program memory space #0:
      Type     Start      Stop
     -----------------------------
      ROM      00:0000    00:7FFF

Memory Map - Data memory space #0:
      Type     Start      Stop
     -----------------------------
      RAM      00:E000    00:FFFF

Memory Map - Memory space above #1:
      Type     Start      Stop
     -----------------------------
      ROM      02:0000    02:0FFF
      ROM      08:0000    08:7FFF
      ROM      0A:0000    0A:0FFF

                         ------------------
                          Segment Synopsis
                         ------------------

Link Map - Program memory space #0 ( ROMWINDOW: 0000 - 7FFF )

      Type     Start      Stop       Size              Name
     -------------------------------------------------------
      S CODE   00:0000    00:0001    0002(2)           (absolute)
      S CODE   00:0002    00:0003    0002(2)           (absolute)
      S CODE   00:0004    00:0005    0002(2)           (absolute)
      S TABLE  00:0006    00:0006    0001(1)           $$TABKMX61_STBY_REG$main
>GAP<          00:0007    00:0007    0001(1)           (ROM)
      S CODE   00:0008    00:0009    0002(2)           (absolute)
      S TABLE  00:000A    00:000A    0001(1)           $$TABKX022_ODCNTL$main
>GAP<          00:000B    00:000B    0001(1)           (ROM)
      S CODE   00:000C    00:0077    006C(108)         (absolute)
      S TABLE  00:0078    00:00A5    002E(46)          $$NTABmain$main
      S TABLE  00:00A6    00:00F5    0050(80)          $$XNTABxldtob
      S TABLE  00:00F6    00:00F6    0001(1)           $$TABKX022_CNTL3_CFGDAT$main
>GAP<          00:00F7    00:00F7    0001(1)           (ROM)
      S TABLE  00:00F8    00:00F8    0001(1)           $$TABKX022_CNTL1_CFGDAT$main
>GAP<          00:00F9    00:00F9    0001(1)           (ROM)
      S TABLE  00:00FA    00:00FA    0001(1)           $$TABKX022_TILT_TIMER$main
>GAP<          00:00FB    00:00FB    0001(1)           (ROM)
      S TABLE  00:00FC    00:0153    0058(88)          $$XNTABxprintf_nn
      S TABLE  00:0154    00:0154    0001(1)           $$TABBH1730FVC_REG_CONTROL$main
>GAP<          00:0155    00:0155    0001(1)           (ROM)
      S TABLE  00:0156    00:0156    0001(1)           $$TABBH1730FVC_REG_DATA0LOW$main
>GAP<          00:0157    00:0157    0001(1)           (ROM)
      S TABLE  00:0158    00:0255    00FE(254)         $$TAB$$S30$main
      S TABLE  00:0256    00:02D5    0080(128)         $$TABLE_SEGMENT
      S TABLE  00:02D6    00:0305    0030(48)          $$TAB$$S268$main
      S TABLE  00:0306    00:0336    0031(49)          $$TAB$$S123$main
>GAP<          00:0337    00:0337    0001(1)           (ROM)
      S TABLE  00:0338    00:036A    0033(51)          $$TAB$$S132$main
>GAP<          00:036B    00:036B    0001(1)           (ROM)
      S TABLE  00:036C    00:039E    0033(51)          $$TAB$$S141$main
>GAP<          00:039F    00:039F    0001(1)           (ROM)
      S TABLE  00:03A0    00:03CC    002D(45)          $$TAB$$S147$main
>GAP<          00:03CD    00:03CD    0001(1)           (ROM)
      S TABLE  00:03CE    00:03FE    0031(49)          $$TAB$$S149$main
>GAP<          00:03FF    00:03FF    0001(1)           (ROM)
      S TABLE  00:0400    00:0426    0027(39)          $$TAB$$S160$main
>GAP<          00:0427    00:0427    0001(1)           (ROM)
      S TABLE  00:0428    00:044E    0027(39)          $$TAB$$S162$main
>GAP<          00:044F    00:044F    0001(1)           (ROM)
      S TABLE  00:0450    00:0482    0033(51)          $$TAB$$S143$main
>GAP<          00:0483    00:0483    0001(1)           (ROM)
      S TABLE  00:0484    00:04AA    0027(39)          $$TAB$$S176$main
>GAP<          00:04AB    00:04AB    0001(1)           (ROM)
      S TABLE  00:04AC    00:04D2    0027(39)          $$TAB$$S178$main
>GAP<          00:04D3    00:04D3    0001(1)           (ROM)
      S TABLE  00:04D4    00:04FA    0027(39)          $$TAB$$S180$main
>GAP<          00:04FB    00:04FB    0001(1)           (ROM)
      S TABLE  00:04FC    00:0538    003D(61)          $$TAB$$S182$main
>GAP<          00:0539    00:0539    0001(1)           (ROM)
      S TABLE  00:053A    00:05C4    008B(139)         $$TAB$$S184$main
>GAP<          00:05C5    00:05C5    0001(1)           (ROM)
      S TABLE  00:05C6    00:064F    008A(138)         $$TAB$$S197$main
      S TABLE  00:0650    00:06D2    0083(131)         $$TAB$$S247$main
>GAP<          00:06D3    00:06D3    0001(1)           (ROM)
      S TABLE  00:06D4    00:070F    003C(60)          $$TAB$$S249$main
      S TABLE  00:0710    00:074B    003C(60)          $$TAB$$S251$main
      S TABLE  00:074C    00:077B    0030(48)          $$TAB$$S254$main
      S TABLE  00:077C    00:07AF    0034(52)          $$TAB$$S256$main
      S TABLE  00:07B0    00:07E9    003A(58)          $$TAB$$S258$main
      S TABLE  00:07EA    00:0817    002E(46)          $$TAB$$S261$main
      S TABLE  00:0818    00:0849    0032(50)          $$TAB$$S263$main
      S TABLE  00:084A    00:0885    003C(60)          $$TAB$$S265$main
      S TABLE  00:0886    00:08B9    0034(52)          $$TAB$$S270$main
      S TABLE  00:08BA    00:08BA    0001(1)           $$TABBH1710FVC_CONT_M_RES_MOD$main
>GAP<          00:08BB    00:08BB    0001(1)           (ROM)
      S TABLE  00:08BC    00:08BC    0001(1)           $$TABKMX61_TEMP_EN_CNTL$main
>GAP<          00:08BD    00:08BD    0001(1)           (ROM)
      S TABLE  00:08BE    00:08BE    0001(1)           $$TABKMX61_ODCNTL_CFGDAT$main
>GAP<          00:08BF    00:08BF    0001(1)           (ROM)
      S TABLE  00:08C0    00:0931    0072(114)         $$NINITTAB
      S TABLE  00:0932    00:0932    0001(1)           $$TABKMX61_SELF_TEST_CFGDAT$main
>GAP<          00:0933    00:0933    0001(1)           (ROM)
      S TABLE  00:0934    00:0935    0002(2)           _$$init_malloc_near
      S TABLE  00:0936    00:0936    0001(1)           $$TABKMX61_SELF_TEST$main
>GAP<          00:0937    00:0937    0001(1)           (ROM)
      S TABLE  00:0938    00:0938    0001(1)           $$TABKX022_ODCNTL_CFGDAT$main
>GAP<          00:0939    00:0939    0001(1)           (ROM)
      S TABLE  00:093A    00:095B    0022(34)          $$XNTABxlitob
      S TABLE  00:095C    00:0963    0008(8)           $$init_info
      S TABLE  00:0964    00:0965    0002(2)           $$init_info_end
      S TABLE  00:0966    00:0966    0001(1)           $$TABBH17xxFVC_PWR_ON$main
>GAP<          00:0967    00:0967    0001(1)           (ROM)
      S TABLE  00:0968    00:0968    0001(1)           $$TABKMX61_TEMP_EN_CNTL_CFGDAT$main
>GAP<          00:0969    00:0969    0001(1)           (ROM)
      S TABLE  00:096A    00:096A    0001(1)           $$TABBH1780GLI_REG_CONTROL$main
>GAP<          00:096B    00:096B    0001(1)           (ROM)
      S TABLE  00:096C    00:096C    0001(1)           $$TABKX022_TSCP$main
>GAP<          00:096D    00:096D    0001(1)           (ROM)
      S TABLE  00:096E    00:096E    0001(1)           $$TABBH1730FVC_REG_TIMING$main
>GAP<          00:096F    00:096F    0001(1)           (ROM)
      S TABLE  00:0970    00:0970    0001(1)           $$TABKMX61_BUF_CTRL1_CFGDAT$main
>GAP<          00:0971    00:0971    0001(1)           (ROM)
      S TABLE  00:0972    00:0972    0001(1)           $$TABKMX61_BUF_CTRL2_CFGDAT$main
>GAP<          00:0973    00:0973    0001(1)           (ROM)
      S TABLE  00:0974    00:0974    0001(1)           $$TABKX022_TILT_TIMER_CFGDAT$main
>GAP<          00:0975    00:0975    0001(1)           (ROM)
      S TABLE  00:0976    00:0976    0001(1)           $$TABBH1730FVC_REG_GAIN$main
>GAP<          00:0977    00:0977    0001(1)           (ROM)
      S TABLE  00:0978    00:0978    0001(1)           $$TABKMX61_ODCNTL$main
>GAP<          00:0979    00:0979    0001(1)           (ROM)
      S TABLE  00:097A    00:097A    0001(1)           $$TABKX022_XOUTL$main
>GAP<          00:097B    00:097B    0001(1)           (ROM)
      S TABLE  00:097C    00:097C    0001(1)           $$TABBH1730FVC_REG_INTERRUPT$main
>GAP<          00:097D    00:097D    0001(1)           (ROM)
      S TABLE  00:097E    00:098D    0010(16)          $$NTABADC_Read$main
      S TABLE  00:098E    00:098E    0001(1)           $$TABKX022_CNTL1$main
>GAP<          00:098F    00:098F    0001(1)           (ROM)
      S TABLE  00:0990    00:0999    000A(10)          $$TAB_uartSetParam$main
      S TABLE  00:099A    00:09C7    002E(46)          $$NTABSensorInitialization$main
      S TABLE  00:09C8    00:09C8    0001(1)           $$TABKX022_CNTL3$main
>GAP<          00:09C9    00:09C9    0001(1)           (ROM)
      S TABLE  00:09CA    00:09CA    0001(1)           $$TABKMX61_CNTL1$main
>GAP<          00:09CB    00:09CB    0001(1)           (ROM)
      S TABLE  00:09CC    00:09CC    0001(1)           $$TABKMX61_CNTL2$main
>GAP<          00:09CD    00:09CD    0001(1)           (ROM)
      S TABLE  00:09CE    00:09CE    0001(1)           $$TABKMX61_BUF_CTRL1$main
>GAP<          00:09CF    00:09CF    0001(1)           (ROM)
      S TABLE  00:09D0    00:09D0    0001(1)           $$TABKMX61_BUF_CTRL2$main
>GAP<          00:09D1    00:09D1    0001(1)           (ROM)
      S TABLE  00:09D2    00:09D2    0001(1)           $$TABKMX61_ACCEL_XOUT_L$main
>GAP<          00:09D3    00:09D3    0001(1)           (ROM)
      S TABLE  00:09D4    00:09D4    0001(1)           $$TABBH1780GLI_REG_DATALOW$main
>GAP<          00:09D5    00:09D5    0001(1)           (ROM)
      S TABLE  00:09D6    00:09EE    0019(25)          $$TAB$$S53$main
>GAP<          00:09EF    00:09EF    0001(1)           (ROM)
      S TABLE  00:09F0    00:09F0    0001(1)           $$TABKMX61_MAG_XOUT_L$main
>GAP<          00:09F1    00:09F1    0001(1)           (ROM)
      S TABLE  00:09F2    00:09F2    0001(1)           $$TABBH1721FVC_CONT_A_RES_MOD$main
>GAP<          00:09F3    00:09F3    0001(1)           (ROM)
      S TABLE  00:09F4    00:09F4    0001(1)           $$TABKMX61_CNTL1_CFGDAT$main
>GAP<          00:09F5    00:09F5    0001(1)           (ROM)
      S TABLE  00:09F6    00:09F6    0001(1)           $$TABKMX61_CNTL2_CFGDAT$main
>GAP<          00:09F7    00:09F7    0001(1)           (ROM)
      S CODE   00:09F8    00:0A21    002A(42)          $$uart_PortSet$uart
      S CODE   00:0A22    00:0A3D    001C(28)          $$_intT16HINT$irq
      S CODE   00:0A3E    00:0A59    001C(28)          $$_intPB0INT$irq
      S CODE   00:0A5A    00:0A75    001C(28)          $$_intPB1INT$irq
      S CODE   00:0A76    00:0ABF    004A(74)          $$XNCODmemcpy_ff
      S CODE   00:0AC0    00:0BB7    00F8(248)         $$uart_continue$uart
      S CODE   00:0BB8    00:0BD3    001C(28)          $$_intPA0INT$irq
      S CODE   00:0BD4    00:0C17    0044(68)          $$XNCODmemcpy_fn
      S CODE   00:0C18    00:0C33    001C(28)          $$_intPA1INT$irq
      S CODE   00:0C34    00:0C4F    001C(28)          $$_intCMP1INT$irq
      S CODE   00:0C50    00:0C57    0008(8)           $$main_reqNotHalt$main
      S CODE   00:0C58    00:0C73    001C(28)          $$_intCMP0INT$irq
      S CODE   00:0C74    00:0C77    0004(4)           $$_intUart$main
      S CODE   00:0C78    00:0CB3    003C(60)          $$write$main
      S CODE   00:0CB4    00:0CB5    0002(2)           $$_intUndefHdr$irq
      S CODE   00:0CB6    00:0CB6    0000(0)           $$content_of_init
      S CODE   00:0CB6    00:0CB7    0002(2)           $$end_of_init
      S CODE   00:0CB8    00:0CC5    000E(14)          $$uart_ErrSet$uart
      S CODE   00:0CC6    00:0CE1    001C(28)          $$_intTM8INT$irq
      S CODE   00:0CE2    00:0CFD    001C(28)          $$_intTM9INT$irq
      S CODE   00:0CFE    00:0D1D    0020(32)          $$normu8sw
      S CODE   00:0D1E    00:0D39    001C(28)          $$_intTMEINT$irq
      S CODE   00:0D3A    00:0D59    0020(32)          $$ulmodu8sw
      S CODE   00:0D5A    00:0D75    001C(28)          $$_intTMAINT$irq
      S CODE   00:0D76    00:0DD9    0064(100)         $$PortD_Low$main
      S CODE   00:0DDA    00:0DEF    0016(22)          $$ReverseBits$main
      S CODE   00:0DF0    00:0E9F    00B0(176)         $$MainOp_Temperature_Sensor_20$main
      S CODE   00:0EA0    00:0F79    00DA(218)         $$MainOp_Temperature_Sensor_21$main
      S CODE   00:0F7A    00:1053    00DA(218)         $$MainOp_Temperature_Sensor_22$main
      S CODE   00:1054    00:112D    00DA(218)         $$MainOp_Temperature_Sensor_23$main
      S CODE   00:112E    00:1313    01E6(486)         $$XNCODxlitob
      S CODE   00:1314    00:1335    0022(34)          $$shiftu8sw
      S CODE   00:1336    00:1351    001C(28)          $$_intUA0INT$irq
      S CODE   00:1352    00:136D    001C(28)          $$_intUA1INT$irq
      S CODE   00:136E    00:137D    0010(16)          $$simodu8sw
      S CODE   00:137E    00:139B    001E(30)          $$XNCODstrcpy_nn
      S CODE   00:139C    00:1425    008A(138)         $$XNCODxldunsca
      S CODE   00:1426    00:14A9    0084(132)         $$i2c_startReceive$i2c
      S CODE   00:14AA    00:14B5    000C(12)          $$roundu8sw
      S CODE   00:14B6    00:14EB    0036(54)          $$ndmulu8sw
      S CODE   00:14EC    00:161B    0130(304)         $$MainOp_KX022$main
      S CODE   00:161C    00:162F    0014(20)          $$main_clrWDT$main
      S CODE   00:1630    00:165B    002C(44)          $$nfildu8sw
      S CODE   00:165C    00:1685    002A(42)          $$ndtolu8sw
      S CODE   00:1686    00:16BF    003A(58)          $$nfmulu8sw
      S CODE   00:16C0    00:16E9    002A(42)          $$nftolu8sw
      S CODE   00:16EA    00:170F    0026(38)          $$nftodu8sw
      S CODE   00:1710    00:173B    002C(44)          $$nfuldu8sw
      S CODE   00:173C    00:1BA1    0466(1126)        $$XNCODxldtob
      S CODE   00:1BA2    00:1BD3    0032(50)          $$irq_setHdr$irq
      S CODE   00:1BD4    00:1C0D    003A(58)          $$Init_Ambient_Light_Sensor_6$main
      S CODE   00:1C0E    00:1CCD    00C0(192)         $$NOPms$main
      S CODE   00:1CCE    00:1D7F    00B2(178)         $$XNCODfflush
      S CODE   00:1D80    00:1DD5    0056(86)          $$uart_startSend$uart
      S CODE   00:1DD6    00:2183    03AE(942)         $$MainOp_KMX61$main
      S CODE   00:2184    00:2187    0004(4)           $$irq_di$irq
      S CODE   00:2188    00:218B    0004(4)           $$irq_ei$irq
      S CODE   00:218C    00:21A7    001C(28)          $$_intT2HINT$irq
      S CODE   00:21A8    00:21DD    0036(54)          $$ndaddu8sw
      S CODE   00:21DE    00:220D    0030(48)          $$ndcmpu8sw
      S CODE   00:220E    00:2247    003A(58)          $$nfaddu8sw
      S CODE   00:2248    00:2277    0030(48)          $$nfcmpu8sw
      S CODE   00:2278    00:22A1    002A(42)          $$lloadu8sw
      S CODE   00:22A2    00:22E3    0042(66)          $$lmulu8sw
      S CODE   00:22E4    00:22E5    0002(2)           $$Init_UV_Sensor_10$main
      S CODE   00:22E6    00:22E7    0002(2)           $$_intNullHdr$irq
      S CODE   00:22E8    00:22F7    0010(16)          $$XNCODxgetmem_n
      S CODE   00:22F8    00:2417    0120(288)         $$MainOp_Ambient_Light_Sensor_5$main
      S CODE   00:2418    00:2491    007A(122)         $$MainOp_Ambient_Light_Sensor_6$main
      S CODE   00:2492    00:2733    02A2(674)         $$MainOp_Ambient_Light_Sensor_7$main
      S CODE   00:2734    00:27AD    007A(122)         $$MainOp_Ambient_Light_Sensor_8$main
      S CODE   00:27AE    00:2809    005C(92)          $$MainOp_Ambient_Light_Sensor_9$main
      S CODE   00:280A    00:281B    0012(18)          $$_funcI2CFin$main
      S CODE   00:281C    00:286F    0054(84)          $$floadu8sw
      S CODE   00:2870    00:29B5    0146(326)         $$uart_init$uart
      S CODE   00:29B6    00:29DF    002A(42)          $$uart_PortClear$uart
      S CODE   00:29E0    00:2AD9    00FA(250)         $$daddu8sw
      S CODE   00:2ADA    00:2B33    005A(90)          $$dcmpu8sw
      S CODE   00:2B34    00:2B5B    0028(40)          $$dildu8sw
      S CODE   00:2B5C    00:2B85    002A(42)          $$Init_Ambient_Light_Sensor_5$main
      S CODE   00:2B86    00:2C1F    009A(154)         $$Init_Ambient_Light_Sensor_7$main
      S CODE   00:2C20    00:2C5B    003C(60)          $$Init_Ambient_Light_Sensor_8$main
      S CODE   00:2C5C    00:2C97    003C(60)          $$Init_Ambient_Light_Sensor_9$main
      S CODE   00:2C98    00:2DD1    013A(314)         $$dmulu8sw
      S CODE   00:2DD2    00:2DFB    002A(42)          $$imulu8sw
      S CODE   00:2DFC    00:2E6D    0072(114)         $$dloadu8sw
      S CODE   00:2E6E    00:2F87    011A(282)         $$XNCODfwrite_f
      S CODE   00:2F88    00:3007    0080(128)         $$MainOp_Hall_Effect_Sensors_1$main
      S CODE   00:3008    00:303D    0036(54)          $$MainOp_Hall_Effect_Sensors_2$main
      S CODE   00:303E    00:3101    00C4(196)         $$PortB_Low$main
      S CODE   00:3102    00:3227    0126(294)         $$i2c_init$i2c
      S CODE   00:3228    00:3243    001C(28)          $$_intPWDINT$irq
      S CODE   00:3244    00:325F    001C(28)          $$_intPWEINT$irq
      S CODE   00:3260    00:373D    04DE(1246)        $$XNCODxprintf_nn
      S CODE   00:373E    00:3759    001C(28)          $$_intPWFINT$irq
      S CODE   00:375A    00:379B    0042(66)          $$XNCODmemchr_f
      S CODE   00:379C    00:37E7    004C(76)          $$PortA_Low$main
      S CODE   00:37E8    00:3803    001C(28)          $$_intPWCINT$irq
      S CODE   00:3804    00:383B    0038(56)          $$tm_init$timer
      S CODE   00:383C    00:3869    002E(46)          $$i2c_stop$i2c
      S CODE   00:386A    00:3D2D    04C4(1220)        $$XNCODxgenld
      S CODE   00:3D2E    00:3D3F    0012(18)          $$ndnegu8sw
      S CODE   00:3D40    00:3D5F    0020(32)          $$uldivu8sw
      S CODE   00:3D60    00:3D69    000A(10)          $$_branchHdr$irq
      S CODE   00:3D6A    00:3DC9    0060(96)          $$sldimou8sw
      S CODE   00:3DCA    00:3E89    00C0(192)         $$main$main
      S CODE   00:3E8A    00:3EAF    0026(38)          $$XNCODstrlen_f
      S CODE   00:3EB0    00:3ECB    001C(28)          $$DeviceSelection$main
      S CODE   00:3ECC    00:3EEF    0024(36)          $$XNCODstrchr_n
      S CODE   00:3EF0    00:3F49    005A(90)          $$irq_init$irq
      S CODE   00:3F4A    00:3F95    004C(76)          $$I2C_Write$main
      S CODE   00:3F96    00:3FB1    001C(28)          $$uart_stop$uart
      S CODE   00:3FB2    00:4055    00A4(164)         $$XNCODfree_n
      S CODE   00:4056    00:40E1    008C(140)         $$Init_KX022$main
      S CODE   00:40E2    00:40EF    000E(14)          $$sidivu8sw
      S CODE   00:40F0    00:41B3    00C4(196)         $$PortC_Low$main
      S CODE   00:41B4    00:41CD    001A(26)          $$sldivu8sw
      S CODE   00:41CE    00:420D    0040(64)          $$cidimou8sw
      S CODE   00:420E    00:4241    0034(52)          $$sidimou8sw
      S CODE   00:4242    00:4345    0104(260)         $$Initialization$main
      S CODE   00:4346    00:434D    0008(8)           $$_intADC$main
      S CODE   00:434E    00:43C5    0078(120)         $$SensorInitialization$main
      S CODE   00:43C6    00:43D1    000C(12)          $$uidivu8sw
      S CODE   00:43D2    00:43E3    0012(18)          $$_funcUartFin$main
      S CODE   00:43E4    00:43EF    000C(12)          $$_intI2c$main
      S CODE   00:43F0    00:4403    0014(20)          $$ndsubu8sw
      S CODE   00:4404    00:44B5    00B2(178)         $$XNCODxfwprep
      S CODE   00:44B6    00:44B7    0002(2)           $$Init_Temperature_Sensor_20$main
      S CODE   00:44B8    00:44CD    0016(22)          $$Init_Temperature_Sensor_21$main
      S CODE   00:44CE    00:44E3    0016(22)          $$Init_Temperature_Sensor_22$main
      S CODE   00:44E4    00:44F9    0016(22)          $$Init_Temperature_Sensor_23$main
      S CODE   00:44FA    00:450D    0014(20)          $$nfsubu8sw
      S CODE   00:450E    00:454B    003E(62)          $$lstoru8sw
      S CODE   00:454C    00:47AD    0262(610)         $$i2c_continue$i2c
      S CODE   00:47AE    00:47C9    001C(28)          $$_intPB2INT$irq
      S CODE   00:47CA    00:47E5    001C(28)          $$_intPB3INT$irq
      S CODE   00:47E6    00:486D    0088(136)         $$fstoru8sw
      S CODE   00:486E    00:4889    001C(28)          $$_intPA2INT$irq
      S CODE   00:488A    00:48A5    001C(28)          $$_intT32HINT$irq
      S CODE   00:48A6    00:48C1    001C(28)          $$_intVLSINT$irq
      S CODE   00:48C2    00:4A23    0162(354)         $$XNCODxdnorm
      S CODE   00:4A24    00:4A89    0066(102)         $$XNCODldiv
      S CODE   00:4A8A    00:4AA9    0020(32)          $$SetOSC$main
      S CODE   00:4AAA    00:4ADF    0036(54)          $$nddivu8sw
      S CODE   00:4AE0    00:4B19    003A(58)          $$nfdivu8sw
      S CODE   00:4B1A    00:4C13    00FA(250)         $$Init_KMX61$main
      S CODE   00:4C14    00:4D2B    0118(280)         $$XNCODmalloc_n
      S CODE   00:4D2C    00:4D47    001C(28)          $$_intSADINT$irq
      S CODE   00:4D48    00:4D63    001C(28)          $$_intT128HINT$irq
      S CODE   00:4D64    00:51FD    049A(1178)        $$XNCODxputfld
      S CODE   00:51FE    00:5339    013C(316)         $$ADC_Read$main
      S CODE   00:533A    00:5385    004C(76)          $$I2C_Read$main
      S CODE   00:5386    00:53AF    002A(42)          $$Init_Hall_Effect_Sensors_1$main
      S CODE   00:53B0    00:53C5    0016(22)          $$Init_Hall_Effect_Sensors_2$main
      S CODE   00:53C6    00:5479    00B4(180)         $$MainOp_UV_Sensor_10$main
      S CODE   00:547A    00:5493    001A(26)          $$_intWDTINT$irq
      S CODE   00:5494    00:5547    00B4(180)         $$dstoru8sw
      S CODE   00:5548    00:5563    001C(28)          $$_intTMFINT$irq
      S CODE   00:5564    00:55BD    005A(90)          $$XNCODprintf_n
      S CODE   00:55BE    00:55D9    001C(28)          $$_intTMBINT$irq
      S CODE   00:55DA    00:55F5    001C(28)          $$_intI2CSINT$irq
      S CODE   00:55F6    00:5735    0140(320)         $$ddivu8sw
      S CODE   00:5736    00:5751    001C(28)          $$_intSIO0INT$irq
      S CODE   00:5752    00:576D    001C(28)          $$cmpfu8sw
      S CODE   00:576E    00:579B    002E(46)          $$div32u8sw
      S CODE   00:579C    00:57B7    001C(28)          $$_intI2CMINT$irq
      S CODE   00:57B8    00:5847    0090(144)         $$NCODml610112sw
      S CODE   00:5848    00:5885    003E(62)          $$XNCODmemcpy_nf
      S CODE   00:5886    00:58FB    0076(118)         $$i2c_startSend$i2c
      S TABLE  00:58FC    00:5A00    0105(261)         $$XFTABxctype
>GAP<          00:5A01    00:7FDF    25DF(9695)        (ROM)
      S CODE   00:7FE0    00:7FFF    0020(32)          (absolute)


Link Map - Data memory space #0

      Type     Start      Stop       Size              Name
     -------------------------------------------------------
      Q ROMWIN 00:0000    00:7FFF    8000(32768)       (ROMWIN)
      S DATA   00:E000    00:EDA5    0DA6(3494)        _$$dynamic_near
      S DATA   00:EDA6    00:EEA5    0100(256)         $STACK
      S DATA   00:EEA6    00:EEE3    003E(62)          $$NVARirq
      S DATA   00:EEE4    00:EF33    0050(80)          $$XNVARxfiles
      C DATA   00:EF34    00:EF3F    000C(12)          _flSensorOut
      S DATA   00:EF40    00:EF40    0001(1)           $$NVARuart
      C DATA   00:EF41    00:EF41    0001(1)           __flgADCFin
      S DATA   00:EF42    00:EF42    0001(1)           $$NVARmain
      C DATA   00:EF43    00:EF43    0001(1)           __reqNotHalt
      C DATA   00:EF44    00:EF49    0006(6)           _uniRawSensorOut
      S DATA   00:EF4A    00:EFBB    0072(114)         $$NINITVAR
      S DATA   00:EFBC    00:EFFD    0042(66)          $$XNVARxprintf_nn
      C DATA   00:EFFE    00:EFFE    0001(1)           __flgI2CFin
      C DATA   00:EFFF    00:EFFF    0001(1)           __flgUartFin
      Q SFR    00:F000    00:FFFF    1000(4096)        (SFR)


Link Map - Memory space above #1

      Type     Start      Stop       Size              Name
     -------------------------------------------------------
 ---
      S TABLE  02:0000    02:0FFF    1000(4096)        (absolute)
 ---
      S TABLE  08:0000    08:7FFF    8000(32768)       (absolute)
 ---
      S TABLE  0A:0000    0A:0FFF    1000(4096)        (absolute)


Not Linked segments:

      Module Name         Type       Size              Segment Name 
     --------------------------------------------------------------
      i2c
                          CODE       0006(6)           $$i2c_getTransSize$i2c
                          CODE       0012(18)          $$i2c_checkIRQ$i2c
                          CODE       0006(6)           $$i2c_clearIRQ$i2c
     --------------------------------------------------------------
      main
                          TABLE      0001(1)           $$TABBH1710FVC_ONET_L_RES_MOD$main
                          TABLE      0001(1)           $$TABKMX61_INS1$main
                          TABLE      0001(1)           $$TABKMX61_INS2$main
                          TABLE      0001(1)           $$TABBH1730FVC_REG_THHLOW$main
                          TABLE      0001(1)           $$TABKMX61_INC1$main
                          TABLE      0001(1)           $$TABKMX61_INC2$main
                          TABLE      0001(1)           $$TABKMX61_INC3$main
                          TABLE      0001(1)           $$TABBH1710FVC_ONET_H_RES_MOD$main
                          TABLE      0001(1)           $$TABBH1730FVC_REG_DATA1LOW$main
                          TABLE      0001(1)           $$TABKX022_COTR$main
                          TABLE      0001(1)           $$TABKMX61_ACCEL_YOUT_H$main
                          TABLE      0001(1)           $$TABKMX61_ACCEL_YOUT_L$main
                          TABLE      0001(1)           $$TABKMX61_SN_1$main
                          TABLE      0001(1)           $$TABKMX61_SN_2$main
                          TABLE      0001(1)           $$TABKMX61_SN_3$main
                          TABLE      0001(1)           $$TABKMX61_SN_4$main
                          TABLE      0001(1)           $$TABBH1730FVC_CMD_STOP_MIM$main
                          TABLE      0001(1)           $$TABKX022_BUF_CNTL1$main
                          TABLE      0001(1)           $$TABKX022_BUF_CNTL2$main
                          TABLE      0001(1)           $$TABKMX61_ZOUT_HPF_H$main
                          TABLE      0001(1)           $$TABKMX61_ZOUT_HPF_L$main
                          TABLE      0001(1)           $$TABBH1710FVC_CONT_H_RES_MOD$main
                          TABLE      0001(1)           $$TABBH1721FVC_CONT_H_RES_MOD$main
                          TABLE      0001(1)           $$TABKX022_TDTRC$main
                          TABLE      0001(1)           $$TABBH1730FVC_REG_DATA1HIGH$main
                          TABLE      0001(1)           $$TABKMX61_INL$main
                          TABLE      0001(1)           $$TABKMX61_XOUT_HPF_H$main
                          TABLE      0001(1)           $$TABKMX61_XOUT_HPF_L$main
                          TABLE      0001(1)           $$TABBH17xxFVC_PWR_DOWN$main
                          TABLE      0001(1)           $$TABKX022_ATH$main
                          TABLE      0001(1)           $$TABBH1730FVC_REG_THLLOW$main
                          TABLE      0001(1)           $$TABKMX61_BTH$main
                          TABLE      0001(1)           $$TABKX022_WHO_AM_I$main
                          TABLE      0001(1)           $$TABBH1780GLI_REG_DATAHIGH$main
                          TABLE      0001(1)           $$TABKMX61_I2C_ADDR$main
                          TABLE      0001(1)           $$TABBH1730FVC_REG_THLHIGH$main
                          TABLE      0001(1)           $$TABKMX61_BUF_CLEAR$main
                          TABLE      0001(1)           $$TABKX022_YOUTH$main
                          TABLE      0001(1)           $$TABKX022_YOUTL$main
                          TABLE      0001(1)           $$TABKMX61_STATUS_REG$main
                          TABLE      0001(1)           $$TABBH1710FVC_RESET$main
                          TABLE      0001(1)           $$TABKMX61_ACCEL_ZOUT_H$main
                          TABLE      0001(1)           $$TABKMX61_ACCEL_ZOUT_L$main
                          TABLE      0001(1)           $$TABKMX61_BTSC$main
                          TABLE      0001(1)           $$TABKMX61_COTR$main
                          TABLE      0001(1)           $$TABKX022_ZOUTH$main
                          TABLE      0001(1)           $$TABKX022_ZOUTL$main
                          TABLE      0001(1)           $$TABKMX61_MAG_ZOUT_H$main
                          TABLE      0001(1)           $$TABKMX61_MAG_ZOUT_L$main
                          TABLE      0000(0)           $$NTABmain
                          TABLE      0001(1)           $$TABBH1730FVC_REG_ID$main
                          TABLE      0001(1)           $$TABKX022_INT_REL$main
                          TABLE      0001(1)           $$TABKX022_HYST_SET$main
                          TABLE      0001(1)           $$TABKX022_BUF_CLEAR$main
                          TABLE      0001(1)           $$TABKMX61_BUF_STATUS_H$main
                          TABLE      0001(1)           $$TABKMX61_BUF_STATUS_L$main
                          TABLE      0001(1)           $$TABKX022_I2C_ADDR$main
                          TABLE      0001(1)           $$TABKMX61_TEMP_OUT_H$main
                          TABLE      0001(1)           $$TABKMX61_TEMP_OUT_L$main
                          TABLE      0001(1)           $$TABKX022_XHPH$main
                          TABLE      0001(1)           $$TABKX022_XHPL$main
                          TABLE      0001(1)           $$TABBH1730FVC_REG_THHHIGH$main
                          TABLE      0001(1)           $$TABKX022_WUFC$main
                          TABLE      0001(1)           $$TABKX022_YHPH$main
                          TABLE      0001(1)           $$TABKX022_YHPL$main
                          TABLE      0001(1)           $$TABKX022_BUF_READ$main
                          TABLE      0001(1)           $$TABBH1730FVC_CMD_RESET_INT_OUT$main
                          TABLE      0001(1)           $$TABKX022_TSPP$main
                          TABLE      0001(1)           $$TABBH1730FVC_CMD_SW_RESET$main
                          TABLE      0001(1)           $$TABKX022_LP_CNTL$main
                          TABLE      0001(1)           $$TABKX022_TILT_ANGLE_HL$main
                          TABLE      0001(1)           $$TABKMX61_MAG_YOUT_H$main
                          TABLE      0001(1)           $$TABKMX61_MAG_YOUT_L$main
                          TABLE      0001(1)           $$TABKX022_TILT_ANGLE_LL$main
                          TABLE      0001(1)           $$TABBH17xxFVC_ADDR_1$main
                          TABLE      0001(1)           $$TABBH17xxFVC_ADDR_2$main
                          TABLE      0001(1)           $$TABKMX61_WUFTH$main
                          TABLE      0001(1)           $$TABKMX61_BUF_THRESH_H$main
                          TABLE      0001(1)           $$TABKMX61_BUF_THRESH_L$main
                          TABLE      0001(1)           $$TABKX022_XOUTH$main
                          TABLE      0001(1)           $$TABKX022_ZHPH$main
                          TABLE      0001(1)           $$TABKX022_ZHPL$main
                          TABLE      0001(1)           $$TABKX022_INS1$main
                          TABLE      0001(1)           $$TABKX022_INS2$main
                          TABLE      0001(1)           $$TABKX022_INS3$main
                          TABLE      0001(1)           $$TABKMX61_WHO_AM_I$main
                          TABLE      0001(1)           $$TABKMX61_WUFC$main
                          TABLE      0001(1)           $$TABKX022_INC1$main
                          TABLE      0001(1)           $$TABKX022_INC2$main
                          TABLE      0001(1)           $$TABKX022_INC3$main
                          TABLE      0001(1)           $$TABKMX61_BUF_READ$main
                          TABLE      0001(1)           $$TABKX022_INC4$main
                          TABLE      0001(1)           $$TABKX022_INC5$main
                          TABLE      0001(1)           $$TABKX022_INC6$main
                          TABLE      0001(1)           $$TABKX022_CNTL2$main
                          TABLE      0001(1)           $$TABKX022_TLT$main
                          TABLE      0001(1)           $$TABKX022_TTH$main
                          TABLE      0001(1)           $$TABKX022_TTL$main
                          TABLE      0001(1)           $$TABKX022_TWS$main
                          TABLE      0001(1)           $$TABBH1730FVC_CMD_START_MIM$main
                          TABLE      0001(1)           $$TABKX022_STAT$main
                          TABLE      0001(1)           $$TABBH1780GLI_REG_PART_ID$main
                          TABLE      0001(1)           $$TABKMX61_ACCEL_XOUT_H$main
                          TABLE      0001(1)           $$TABBH1730FVC_REG_DATA0HIGH$main
                          TABLE      0001(1)           $$TABKX022_STD$main
                          TABLE      0001(1)           $$TABKMX61_YOUT_HPF_H$main
                          TABLE      0001(1)           $$TABKMX61_YOUT_HPF_L$main
                          TABLE      0001(1)           $$TABKX022_FTD$main
                          TABLE      0001(1)           $$TABKX022_TDTC$main
                          TABLE      0001(1)           $$TABKMX61_MAG_XOUT_H$main
                          TABLE      0001(1)           $$TABKX022_BUF_STATUS_1$main
                          TABLE      0001(1)           $$TABKX022_BUF_STATUS_2$main
                          TABLE      0001(1)           $$TABKMX61_BUF_STATUS_REG$main
                          TABLE      0001(1)           $$TABBH1780GLI_REG_MFG_ID$main
                          TABLE      0001(1)           $$TABBH1710FVC_CONT_L_RES_MOD$main
                          TABLE      0001(1)           $$TABBH1721FVC_CONT_L_RES_MOD$main
                          TABLE      0001(1)           $$TABKX022_SELF_TEST$main
                          TABLE      0001(1)           $$TABBH1710FVC_ONET_M_RES_MOD$main
     --------------------------------------------------------------
      uart
                          CODE       0006(6)           $$uart_clearIRQ$uart
                          CODE       0012(18)          $$uart_checkIRQ$uart
                          CODE       0008(8)           $$uart_ErrClr$uart
                          CODE       0006(6)           $$uart_ErrGet$uart
                          CODE       0006(6)           $$uart_getTransSize$uart
                          CODE       0042(66)          $$uart_startReceive$uart
     --------------------------------------------------------------


Total size (CODE  ) = 04F98   (20376)
Total size (DATA  ) = 01000   (4096)
Total size (BIT   ) = 00000.0 (0.0)
Total size (NVDATA) = 00000   (0)
Total size (NVBIT ) = 00000.0 (0.0)
Total size (TABLE ) = 0AA55   (43605)

          -----------------------
           Symbol Table Synopsis
          -----------------------

Module         Value     Type         Symbol
------         -----     ----------   ------
i2c
               00:383C   Pub CODE     _i2c_stop
               00:1426   Pub CODE     _i2c_startReceive
               00:454C   Pub CODE     _i2c_continue
               00:5886   Pub CODE     _i2c_startSend
               00:3102   Pub CODE     _i2c_init
               00:EF4A   Loc DATA     __gsCtrlParam

Module         Value     Type         Symbol
------         -----     ----------   ------
irq
               00:0C34   Loc CODE     __intCMP1INT
               00:488A   Loc CODE     __intT32HINT
               00:0C58   Loc CODE     __intCMP0INT
               00:0CC6   Loc CODE     __intTM8INT
               00:0CE2   Loc CODE     __intTM9INT
               00:4D48   Loc CODE     __intT128HINT
               00:218C   Loc CODE     __intT2HINT
               00:579C   Loc CODE     __intI2CMINT
               00:547A   Loc CODE     __intWDTINT
               00:0BB8   Loc CODE     __intPA0INT
               00:0D5A   Loc CODE     __intTMAINT
               00:0C18   Loc CODE     __intPA1INT
               00:5736   Loc CODE     __intSIO0INT
               00:55DA   Loc CODE     __intI2CSINT
               00:4D2C   Loc CODE     __intSADINT
               00:0A3E   Loc CODE     __intPB0INT
               00:3D60   Loc CODE     __branchHdr
               00:0D1E   Loc CODE     __intTMEINT
               00:0A5A   Loc CODE     __intPB1INT
               00:55BE   Loc CODE     __intTMBINT
               00:486E   Loc CODE     __intPA2INT
               00:0A22   Loc CODE     __intT16HINT
               00:5548   Loc CODE     __intTMFINT
               00:47AE   Loc CODE     __intPB2INT
               00:47CA   Loc CODE     __intPB3INT
               00:3228   Loc CODE     __intPWDINT
               00:3244   Loc CODE     __intPWEINT
               00:37E8   Loc CODE     __intPWCINT
               00:1336   Loc CODE     __intUA0INT
               00:0CB4   Loc CODE     __intUndefHdr
               00:1352   Loc CODE     __intUA1INT
               00:373E   Loc CODE     __intPWFINT
               00:48A6   Loc CODE     __intVLSINT
               00:3EF0   Pub CODE     _irq_init
               00:2184   Pub CODE     _irq_di
               00:2188   Pub CODE     _irq_ei
               00:1BA2   Pub CODE     _irq_setHdr
               00:22E6   Loc CODE     __intNullHdr
               00:EEA6   Loc DATA     __sIrqHdr

Module         Value     Type         Symbol
------         -----     ----------   ------
main
               00:5386   Pub CODE     _Init_Hall_Effect_Sensors_1
               00:53B0   Pub CODE     _Init_Hall_Effect_Sensors_2
               00:2F88   Pub CODE     _MainOp_Hall_Effect_Sensors_1
               00:3008   Pub CODE     _MainOp_Hall_Effect_Sensors_2
               00:1C0E   Pub CODE     _NOPms
               00:0DF0   Pub CODE     _MainOp_Temperature_Sensor_20
               00:0EA0   Pub CODE     _MainOp_Temperature_Sensor_21
               00:0F7A   Pub CODE     _MainOp_Temperature_Sensor_22
               00:1054   Pub CODE     _MainOp_Temperature_Sensor_23
               00:161C   Pub CODE     _main_clrWDT
               00:0C50   Pub CODE     _main_reqNotHalt
               00:53C6   Pub CODE     _MainOp_UV_Sensor_10
               00:3EB0   Pub CODE     _DeviceSelection
               00:4056   Pub CODE     _Init_KX022
               00:1DD6   Pub CODE     _MainOp_KMX61
               00:44B6   Pub CODE     _Init_Temperature_Sensor_20
               00:44B8   Pub CODE     _Init_Temperature_Sensor_21
               00:44CE   Pub CODE     _Init_Temperature_Sensor_22
               00:3DCA   Pub CODE     _main
               00:44E4   Pub CODE     _Init_Temperature_Sensor_23
               00:22E4   Pub CODE     _Init_UV_Sensor_10
               00:434E   Pub CODE     _SensorInitialization
               00:3F4A   Pub CODE     _I2C_Write
               00:0D76   Pub CODE     _PortD_Low
               00:0C78   Pub CODE     _write
               00:40F0   Pub CODE     _PortC_Low
               00:303E   Pub CODE     _PortB_Low
               00:533A   Pub CODE     _I2C_Read
               00:51FE   Pub CODE     _ADC_Read
               00:14EC   Pub CODE     _MainOp_KX022
               00:2B5C   Pub CODE     _Init_Ambient_Light_Sensor_5
               00:1BD4   Pub CODE     _Init_Ambient_Light_Sensor_6
               00:2B86   Pub CODE     _Init_Ambient_Light_Sensor_7
               00:2C20   Pub CODE     _Init_Ambient_Light_Sensor_8
               00:2C5C   Pub CODE     _Init_Ambient_Light_Sensor_9
               00:379C   Pub CODE     _PortA_Low
               00:0DDA   Pub CODE     _ReverseBits
               00:4B1A   Pub CODE     _Init_KMX61
               00:2734   Pub CODE     _MainOp_Ambient_Light_Sensor_8
               00:27AE   Pub CODE     _MainOp_Ambient_Light_Sensor_9
               00:22F8   Pub CODE     _MainOp_Ambient_Light_Sensor_5
               00:2418   Pub CODE     _MainOp_Ambient_Light_Sensor_6
               00:2492   Pub CODE     _MainOp_Ambient_Light_Sensor_7
               00:09D4   Pub TABLE    _BH1780GLI_REG_DATALOW
               00:09F2   Pub TABLE    _BH1721FVC_CONT_A_RES_MOD
               00:0968   Pub TABLE    _KMX61_TEMP_EN_CNTL_CFGDAT
               00:09F4   Pub TABLE    _KMX61_CNTL1_CFGDAT
               00:09F6   Pub TABLE    _KMX61_CNTL2_CFGDAT
               00:0978   Pub TABLE    _KMX61_ODCNTL
               00:097C   Pub TABLE    _BH1730FVC_REG_INTERRUPT
               00:097A   Pub TABLE    _KX022_XOUTL
               00:0006   Pub TABLE    _KMX61_STBY_REG
               00:08BA   Pub TABLE    _BH1710FVC_CONT_M_RES_MOD
               00:00F8   Pub TABLE    _KX022_CNTL1_CFGDAT
               00:00F6   Pub TABLE    _KX022_CNTL3_CFGDAT
               00:000A   Pub TABLE    _KX022_ODCNTL
               00:096C   Pub TABLE    _KX022_TSCP
               00:08BE   Pub TABLE    _KMX61_ODCNTL_CFGDAT
               00:096E   Pub TABLE    _BH1730FVC_REG_TIMING
               00:0974   Pub TABLE    _KX022_TILT_TIMER_CFGDAT
               00:08BC   Pub TABLE    _KMX61_TEMP_EN_CNTL
               00:09CA   Pub TABLE    _KMX61_CNTL1
               00:09CC   Pub TABLE    _KMX61_CNTL2
               00:0154   Pub TABLE    _BH1730FVC_REG_CONTROL
               00:0966   Pub TABLE    _BH17xxFVC_PWR_ON
               00:0938   Pub TABLE    _KX022_ODCNTL_CFGDAT
               00:096A   Pub TABLE    _BH1780GLI_REG_CONTROL
               00:0932   Pub TABLE    _KMX61_SELF_TEST_CFGDAT
               00:098E   Pub TABLE    _KX022_CNTL1
               00:09C8   Pub TABLE    _KX022_CNTL3
               00:09D2   Pub TABLE    _KMX61_ACCEL_XOUT_L
               00:0972   Pub TABLE    _KMX61_BUF_CTRL2_CFGDAT
               00:0970   Pub TABLE    _KMX61_BUF_CTRL1_CFGDAT
               00:0976   Pub TABLE    _BH1730FVC_REG_GAIN
               00:09CE   Pub TABLE    _KMX61_BUF_CTRL1
               00:09D0   Pub TABLE    _KMX61_BUF_CTRL2
               00:0156   Pub TABLE    _BH1730FVC_REG_DATA0LOW
               00:09F0   Pub TABLE    _KMX61_MAG_XOUT_L
               00:0936   Pub TABLE    _KMX61_SELF_TEST
               00:00FA   Pub TABLE    _KX022_TILT_TIMER
               00:43D2   Loc CODE     __funcUartFin
               00:4242   Loc CODE     _Initialization
               00:0C74   Loc CODE     __intUart
               00:43E4   Loc CODE     __intI2c
               00:4A8A   Loc CODE     _SetOSC
               00:4346   Loc CODE     __intADC
               00:280A   Loc CODE     __funcI2CFin
               00:0990   Loc TABLE    __uartSetParam
               00:EF42   Loc DATA     _SensorPlatformSelection
               00:EF5A   Loc DATA     _SensorIntializationFlag

Module         Value     Type         Symbol
------         -----     ----------   ------
ml610112
              0000EFFF   Loc NUMBER   NEAR_RAM_END
              0000E000   Loc NUMBER   NEAR_RAM_START
               00:57DA   Loc CODE     __wdtcounter_clear
              000000FF   Loc NUMBER   _$$WINVAL
               00:7FFF   Loc TABLE    _$$ROMWINEND
               00:57BC   Loc CODE     $begin
               00:0000   Loc TABLE    _$$ROMWINSTART
               00:57EE   Loc CODE     __init_loop
               00:583A   Loc CODE     __init_end
               00:57BA   Loc CODE     $$brk_reset
               00:57FA   Loc CODE     __skip
               00:5816   Loc CODE     __init_loop2
               00:5828   Loc CODE     __loop_by_byte
               00:57CA   Loc CODE     __near_ram_loop
               00:57B8   Pub CODE     $$start_up


Module         Value     Type         Symbol
------         -----     ----------   ------
tbc

Module         Value     Type         Symbol
------         -----     ----------   ------
timer
               00:3804   Pub CODE     _tm_init

Module         Value     Type         Symbol
------         -----     ----------   ------
uart
               00:09F8   Pub CODE     _uart_PortSet
               00:2870   Pub CODE     _uart_init
               00:0CB8   Pub CODE     _uart_ErrSet
               00:3F96   Pub CODE     _uart_stop
               00:1D80   Pub CODE     _uart_startSend
               00:0AC0   Pub CODE     _uart_continue
               00:29B6   Pub CODE     _uart_PortClear
               00:EF40   Loc DATA     __Err_Status
               00:EF5C   Loc DATA     __gsCtrlParam

Module         Value     Type         Symbol
------         -----     ----------   ------
printf_n

Module         Value     Type         Symbol
------         -----     ----------   ------
xfiles

Module         Value     Type         Symbol
------         -----     ----------   ------
fwrite_f

Module         Value     Type         Symbol
------         -----     ----------   ------
memchr_f

Module         Value     Type         Symbol
------         -----     ----------   ------
memcpy_nf

Module         Value     Type         Symbol
------         -----     ----------   ------
fflush

Module         Value     Type         Symbol
------         -----     ----------   ------
xprintf_nn

Module         Value     Type         Symbol
------         -----     ----------   ------
xctype

Module         Value     Type         Symbol
------         -----     ----------   ------
strchr_n

Module         Value     Type         Symbol
------         -----     ----------   ------
strcpy_nn

Module         Value     Type         Symbol
------         -----     ----------   ------
xfwprep

Module         Value     Type         Symbol
------         -----     ----------   ------
malloc_n

Module         Value     Type         Symbol
------         -----     ----------   ------
xgetmem_n

Module         Value     Type         Symbol
------         -----     ----------   ------
free_n

Module         Value     Type         Symbol
------         -----     ----------   ------
xputfld

Module         Value     Type         Symbol
------         -----     ----------   ------
xldtob

Module         Value     Type         Symbol
------         -----     ----------   ------
xgenld

Module         Value     Type         Symbol
------         -----     ----------   ------
strlen_f

Module         Value     Type         Symbol
------         -----     ----------   ------
ldiv

Module         Value     Type         Symbol
------         -----     ----------   ------
xldunsca

Module         Value     Type         Symbol
------         -----     ----------   ------
xdnorm

Module         Value     Type         Symbol
------         -----     ----------   ------
memcpy_ff

Module         Value     Type         Symbol
------         -----     ----------   ------
memcpy_fn

Module         Value     Type         Symbol
------         -----     ----------   ------
xlitob

End of mapfile.
