RLU8 Object Linker, Ver.1.51.2 Linkage Information
[Fri Aug 01 17:53:10 2014]


                         ------------------
                          Control Synopsis
                         ------------------

I/O controls:    D  SD NS NA
Other controls: CC STACK( 0100H(256) )
                COMB( $$content_of_init $$end_of_init )
                COMB( $$init_info $$init_info_end )



                        ------------------------
                         Object Module Synopsis
                        ------------------------
                                                                Creator
Module Name           File Name                                 CCU8     RASU8
-----------           ---------                                 -----    -----
i2c                   _output\_obj\i2c.obj                      3.41     1.61
irq                   _output\_obj\irq.obj                      3.41     1.61
main                  _output\_obj\main.obj                     3.41     1.61
ml610112              _output\_obj\ml610112.obj                 -.--     1.61
tbc                   _output\_obj\tbc.obj                      3.41     1.61
timer                 _output\_obj\timer.obj                    3.41     1.61
uart                  _output\_obj\uart.obj                     3.41     1.61
sprintf_nn            C:\PROGRA~1\U8Dev\Lib\LU8100sw.lib        -.--     1.04
ULDIVSW               C:\PROGRA~1\U8Dev\Lib\longu8.lib          -.--     1.04
DIV32SW               C:\PROGRA~1\U8Dev\Lib\longu8.lib          -.--     1.04
UIDIVSW               C:\PROGRA~1\U8Dev\Lib\longu8.lib          -.--     1.04
memcpy_nf             C:\PROGRA~1\U8Dev\Lib\LU8100sw.lib        -.--     1.04
CIDIMOSW              C:\PROGRA~1\U8Dev\Lib\longu8.lib          -.--     1.04
xprintf_nn            C:\PROGRA~1\U8Dev\Lib\LU8100sw.lib        -.--     1.04
xctype                C:\PROGRA~1\U8Dev\Lib\LU8100sw.lib        -.--     1.04
strchr_n              C:\PROGRA~1\U8Dev\Lib\LU8100sw.lib        -.--     1.04
IMULSW                C:\PROGRA~1\U8Dev\Lib\longu8.lib          -.--     1.04
strcpy_nn             C:\PROGRA~1\U8Dev\Lib\LU8100sw.lib        -.--     1.04
xputfld               C:\PROGRA~1\U8Dev\Lib\LU8100sw.lib        -.--     1.04
xldtob                C:\PROGRA~1\U8Dev\Lib\LU8100sw.lib        -.--     1.04
DNEGSW                C:\PROGRA~1\U8Dev\Lib\doubleu8.lib        -.--     1.04
DDIVSW                C:\PROGRA~1\U8Dev\Lib\doubleu8.lib        -.--     1.04
ETODSW                C:\PROGRA~1\U8Dev\Lib\doubleu8.lib        -.--     1.04
SHIFTSW               C:\PROGRA~1\U8Dev\Lib\doubleu8.lib        -.--     1.04
DSUBSW                C:\PROGRA~1\U8Dev\Lib\doubleu8.lib        -.--     1.04
SLDIVSW               C:\PROGRA~1\U8Dev\Lib\longu8.lib          -.--     1.04
xgenld                C:\PROGRA~1\U8Dev\Lib\LU8100sw.lib        -.--     1.04
SIDIVSW               C:\PROGRA~1\U8Dev\Lib\longu8.lib          -.--     1.04
DTOESW                C:\PROGRA~1\U8Dev\Lib\doubleu8.lib        -.--     1.04
ROUNSW                C:\PROGRA~1\U8Dev\Lib\doubleu8.lib        -.--     1.04
NORMSW                C:\PROGRA~1\U8Dev\Lib\doubleu8.lib        -.--     1.04
strlen_f              C:\PROGRA~1\U8Dev\Lib\LU8100sw.lib        -.--     1.04
ldiv                  C:\PROGRA~1\U8Dev\Lib\LU8100sw.lib        -.--     1.04
xldunsca              C:\PROGRA~1\U8Dev\Lib\LU8100sw.lib        -.--     1.04
xdnorm                C:\PROGRA~1\U8Dev\Lib\LU8100sw.lib        -.--     1.04
SLDIMOSW              C:\PROGRA~1\U8Dev\Lib\longu8.lib          -.--     1.04
memcpy_ff             C:\PROGRA~1\U8Dev\Lib\LU8100sw.lib        -.--     1.04
memcpy_fn             C:\PROGRA~1\U8Dev\Lib\LU8100sw.lib        -.--     1.04
SIDIMOSW              C:\PROGRA~1\U8Dev\Lib\longu8.lib          -.--     1.04
EDIVSW                C:\PROGRA~1\U8Dev\Lib\doubleu8.lib        -.--     1.04
CMPFSW                C:\PROGRA~1\U8Dev\Lib\doubleu8.lib        -.--     1.04
DADDSW                C:\PROGRA~1\U8Dev\Lib\doubleu8.lib        -.--     1.04
EADDSW                C:\PROGRA~1\U8Dev\Lib\doubleu8.lib        -.--     1.04
DCMPSW                C:\PROGRA~1\U8Dev\Lib\doubleu8.lib        -.--     1.04
ECMPSW                C:\PROGRA~1\U8Dev\Lib\doubleu8.lib        -.--     1.04
DILDSW                C:\PROGRA~1\U8Dev\Lib\doubleu8.lib        -.--     1.04
LTOESW                C:\PROGRA~1\U8Dev\Lib\doubleu8.lib        -.--     1.04
DMULSW                C:\PROGRA~1\U8Dev\Lib\doubleu8.lib        -.--     1.04
EMULSW                C:\PROGRA~1\U8Dev\Lib\doubleu8.lib        -.--     1.04
DTOLSW                C:\PROGRA~1\U8Dev\Lib\doubleu8.lib        -.--     1.04
ETOLSW                C:\PROGRA~1\U8Dev\Lib\doubleu8.lib        -.--     1.04
SIMODSW               C:\PROGRA~1\U8Dev\Lib\longu8.lib          -.--     1.04
LMULSW                C:\PROGRA~1\U8Dev\Lib\longu8.lib          -.--     1.04
xlitob                C:\PROGRA~1\U8Dev\Lib\LU8100sw.lib        -.--     1.04
ULMODSW               C:\PROGRA~1\U8Dev\Lib\longu8.lib          -.--     1.04


Number of Modules: 55

Number of Symbols:
 +---------------------------------------------------------------------------+
 |          | CODE | DATA | BIT  |NVDATA|NVBIT |TABLE |NUMBER| TBIT || total |
 |----------+------+------+------+------+------+------+------+------++-------|
 | SEGMENT  |   162|     6|     0|     0|     0|    17|      |      ||    185|
 |----------+------+------+------+------+------+------+------+------++-------|
 | COMMUNAL |     0|     7|     0|     0|     0|     0|      |      ||      7|
 |----------+------+------+------+------+------+------+------+------++-------|
 | PUBLIC   |   113|     0|     0|     0|     0|     1|     0|     0||    114|
 +---------------------------------------------------------------------------+

Target:  ML610112 
Model:   SMALL


Memory Map - Program memory space #0:
      Type     Start      Stop
     -----------------------------
      ROM      00:0000    00:7FFF

Memory Map - Data memory space #0:
      Type     Start      Stop
     -----------------------------
      RAM      00:E000    00:FFFF

Memory Map - Memory space above #1:
      Type     Start      Stop
     -----------------------------
      ROM      02:0000    02:0FFF
      ROM      08:0000    08:7FFF
      ROM      0A:0000    0A:0FFF

                         ------------------
                          Segment Synopsis
                         ------------------

Link Map - Program memory space #0 ( ROMWINDOW: 0000 - 7FFF )

      Type     Start      Stop       Size              Name
     -------------------------------------------------------
      S CODE   00:0000    00:0001    0002(2)           (absolute)
      S CODE   00:0002    00:0003    0002(2)           (absolute)
      S CODE   00:0004    00:0005    0002(2)           (absolute)
      S CODE   00:0006    00:0007    0002(2)           $$_intUndefHdr$irq
      S CODE   00:0008    00:0009    0002(2)           (absolute)
      S CODE   00:000A    00:000A    0000(0)           $$content_of_init
      S CODE   00:000A    00:000B    0002(2)           $$end_of_init
      S CODE   00:000C    00:0077    006C(108)         (absolute)
      S TABLE  00:0078    00:00C7    0050(80)          $$XNTABxldtob
      S TABLE  00:00C8    00:011F    0058(88)          $$XNTABxprintf_nn
      S TABLE  00:0120    00:019F    0080(128)         $$TABLE_SEGMENT
      S TABLE  00:01A0    00:01EF    0050(80)          $$NINITTAB
      S TABLE  00:01F0    00:0211    0022(34)          $$XNTABxlitob
      S TABLE  00:0212    00:0219    0008(8)           $$init_info
      S TABLE  00:021A    00:021B    0002(2)           $$init_info_end
      S TABLE  00:021C    00:0225    000A(10)          $$TAB_uartSetParam$main
      S TABLE  00:0226    00:0233    000E(14)          $$TAB$$S73$main
      S CODE   00:0234    00:025D    002A(42)          $$uart_PortSet$uart
      S CODE   00:025E    00:0279    001C(28)          $$_intT16HINT$irq
      S CODE   00:027A    00:0295    001C(28)          $$_intPB0INT$irq
      S CODE   00:0296    00:02B1    001C(28)          $$_intPB1INT$irq
      S CODE   00:02B2    00:02FB    004A(74)          $$XNCODmemcpy_ff
      S CODE   00:02FC    00:03F3    00F8(248)         $$uart_continue$uart
      S CODE   00:03F4    00:040F    001C(28)          $$_intPA0INT$irq
      S CODE   00:0410    00:0453    0044(68)          $$XNCODmemcpy_fn
      S CODE   00:0454    00:046F    001C(28)          $$_intPA1INT$irq
      S CODE   00:0470    00:048B    001C(28)          $$_intCMP1INT$irq
      S CODE   00:048C    00:0493    0008(8)           $$main_reqNotHalt$main
      S CODE   00:0494    00:04AF    001C(28)          $$_intCMP0INT$irq
      S CODE   00:04B0    00:04B3    0004(4)           $$_intUart$main
      S CODE   00:04B4    00:04C1    000E(14)          $$uart_ErrSet$uart
      S CODE   00:04C2    00:04DD    001C(28)          $$_intTM8INT$irq
      S CODE   00:04DE    00:04F9    001C(28)          $$_intTM9INT$irq
      S CODE   00:04FA    00:0519    0020(32)          $$normu8sw
      S CODE   00:051A    00:0535    001C(28)          $$_intTMEINT$irq
      S CODE   00:0536    00:0555    0020(32)          $$ulmodu8sw
      S CODE   00:0556    00:0571    001C(28)          $$_intTMAINT$irq
      S CODE   00:0572    00:05D5    0064(100)         $$PortD_Low$main
      S CODE   00:05D6    00:07BB    01E6(486)         $$XNCODxlitob
      S CODE   00:07BC    00:07DD    0022(34)          $$shiftu8sw
      S CODE   00:07DE    00:07F9    001C(28)          $$_intUA0INT$irq
      S CODE   00:07FA    00:0815    001C(28)          $$_intUA1INT$irq
      S CODE   00:0816    00:0825    0010(16)          $$simodu8sw
      S CODE   00:0826    00:0843    001E(30)          $$XNCODstrcpy_nn
      S CODE   00:0844    00:08CD    008A(138)         $$XNCODxldunsca
      S CODE   00:08CE    00:0951    0084(132)         $$i2c_startReceive$i2c
      S CODE   00:0952    00:095D    000C(12)          $$roundu8sw
      S CODE   00:095E    00:0993    0036(54)          $$ndmulu8sw
      S CODE   00:0994    00:09A7    0014(20)          $$main_clrWDT$main
      S CODE   00:09A8    00:09D1    002A(42)          $$ndtolu8sw
      S CODE   00:09D2    00:0E37    0466(1126)        $$XNCODxldtob
      S CODE   00:0E38    00:0E69    0032(50)          $$irq_setHdr$irq
      S CODE   00:0E6A    00:0EBF    0056(86)          $$uart_startSend$uart
      S CODE   00:0EC0    00:0EC3    0004(4)           $$irq_di$irq
      S CODE   00:0EC4    00:0EC7    0004(4)           $$irq_ei$irq
      S CODE   00:0EC8    00:0EE3    001C(28)          $$_intT2HINT$irq
      S CODE   00:0EE4    00:0F19    0036(54)          $$ndaddu8sw
      S CODE   00:0F1A    00:0F49    0030(48)          $$ndcmpu8sw
      S CODE   00:0F4A    00:0F73    002A(42)          $$lloadu8sw
      S CODE   00:0F74    00:0FB5    0042(66)          $$lmulu8sw
      S CODE   00:0FB6    00:0FB7    0002(2)           $$_intNullHdr$irq
      S CODE   00:0FB8    00:104D    0096(150)         $$MainOp_Ambient_Light_Sensor_8$main
      S CODE   00:104E    00:105F    0012(18)          $$_funcI2CFin$main
      S CODE   00:1060    00:11A5    0146(326)         $$uart_init$uart
      S CODE   00:11A6    00:11CF    002A(42)          $$uart_PortClear$uart
      S CODE   00:11D0    00:12C9    00FA(250)         $$daddu8sw
      S CODE   00:12CA    00:1323    005A(90)          $$dcmpu8sw
      S CODE   00:1324    00:134B    0028(40)          $$dildu8sw
      S CODE   00:134C    00:13CB    0080(128)         $$Init_Ambient_Light_Sensor_8$main
      S CODE   00:13CC    00:1505    013A(314)         $$dmulu8sw
      S CODE   00:1506    00:152F    002A(42)          $$imulu8sw
      S CODE   00:1530    00:15A1    0072(114)         $$dloadu8sw
      S CODE   00:15A2    00:1665    00C4(196)         $$PortB_Low$main
      S CODE   00:1666    00:178B    0126(294)         $$i2c_init$i2c
      S CODE   00:178C    00:17A7    001C(28)          $$_intPWDINT$irq
      S CODE   00:17A8    00:17C3    001C(28)          $$_intPWEINT$irq
      S CODE   00:17C4    00:1CA1    04DE(1246)        $$XNCODxprintf_nn
      S CODE   00:1CA2    00:1CBD    001C(28)          $$_intPWFINT$irq
      S CODE   00:1CBE    00:1D09    004C(76)          $$PortA_Low$main
      S CODE   00:1D0A    00:1D25    001C(28)          $$_intPWCINT$irq
      S CODE   00:1D26    00:1D53    002E(46)          $$i2c_stop$i2c
      S CODE   00:1D54    00:2217    04C4(1220)        $$XNCODxgenld
      S CODE   00:2218    00:2229    0012(18)          $$ndnegu8sw
      S CODE   00:222A    00:2249    0020(32)          $$uldivu8sw
      S CODE   00:224A    00:2253    000A(10)          $$_branchHdr$irq
      S CODE   00:2254    00:22B3    0060(96)          $$sldimou8sw
      S CODE   00:22B4    00:22C9    0016(22)          $$main$main
      S CODE   00:22CA    00:22EF    0026(38)          $$XNCODstrlen_f
      S CODE   00:22F0    00:2313    0024(36)          $$XNCODstrchr_n
      S CODE   00:2314    00:236D    005A(90)          $$irq_init$irq
      S CODE   00:236E    00:2389    001C(28)          $$uart_stop$uart
      S CODE   00:238A    00:2397    000E(14)          $$sidivu8sw
      S CODE   00:2398    00:245B    00C4(196)         $$PortC_Low$main
      S CODE   00:245C    00:2475    001A(26)          $$sldivu8sw
      S CODE   00:2476    00:24B5    0040(64)          $$cidimou8sw
      S CODE   00:24B6    00:24E9    0034(52)          $$sidimou8sw
      S CODE   00:24EA    00:25D9    00F0(240)         $$Initialization$main
      S CODE   00:25DA    00:25E1    0008(8)           $$_intADC$main
      S CODE   00:25E2    00:25ED    000C(12)          $$uidivu8sw
      S CODE   00:25EE    00:25FF    0012(18)          $$_funcUartFin$main
      S CODE   00:2600    00:260B    000C(12)          $$_intI2c$main
      S CODE   00:260C    00:261F    0014(20)          $$ndsubu8sw
      S CODE   00:2620    00:265D    003E(62)          $$lstoru8sw
      S CODE   00:265E    00:28BF    0262(610)         $$i2c_continue$i2c
      S CODE   00:28C0    00:28DB    001C(28)          $$_intPB2INT$irq
      S CODE   00:28DC    00:28F7    001C(28)          $$_intPB3INT$irq
      S CODE   00:28F8    00:2913    001C(28)          $$_intPA2INT$irq
      S CODE   00:2914    00:292F    001C(28)          $$_intT32HINT$irq
      S CODE   00:2930    00:294B    001C(28)          $$_intVLSINT$irq
      S CODE   00:294C    00:2AAD    0162(354)         $$XNCODxdnorm
      S CODE   00:2AAE    00:2B13    0066(102)         $$XNCODldiv
      S CODE   00:2B14    00:2B33    0020(32)          $$SetOSC$main
      S CODE   00:2B34    00:2B69    0036(54)          $$nddivu8sw
      S CODE   00:2B6A    00:2BD5    006C(108)         $$XNCODsprintf_nn
      S CODE   00:2BD6    00:2BF1    001C(28)          $$_intSADINT$irq
      S CODE   00:2BF2    00:2C0D    001C(28)          $$_intT128HINT$irq
      S CODE   00:2C0E    00:30A7    049A(1178)        $$XNCODxputfld
      S CODE   00:30A8    00:30C1    001A(26)          $$_intWDTINT$irq
      S CODE   00:30C2    00:3175    00B4(180)         $$dstoru8sw
      S CODE   00:3176    00:3191    001C(28)          $$_intTMFINT$irq
      S CODE   00:3192    00:31AD    001C(28)          $$_intTMBINT$irq
      S CODE   00:31AE    00:31C9    001C(28)          $$_intI2CSINT$irq
      S CODE   00:31CA    00:3309    0140(320)         $$ddivu8sw
      S CODE   00:330A    00:3325    001C(28)          $$_intSIO0INT$irq
      S CODE   00:3326    00:3341    001C(28)          $$cmpfu8sw
      S CODE   00:3342    00:336F    002E(46)          $$div32u8sw
      S CODE   00:3370    00:338B    001C(28)          $$_intI2CMINT$irq
      S CODE   00:338C    00:341B    0090(144)         $$NCODml610112sw
      S CODE   00:341C    00:3459    003E(62)          $$XNCODmemcpy_nf
      S CODE   00:345A    00:34CF    0076(118)         $$i2c_startSend$i2c
      S TABLE  00:34D0    00:35D4    0105(261)         $$XFTABxctype
>GAP<          00:35D5    00:7FDF    4A0B(18955)       (ROM)
      S CODE   00:7FE0    00:7FFF    0020(32)          (absolute)


Link Map - Data memory space #0

      Type     Start      Stop       Size              Name
     -------------------------------------------------------
      Q ROMWIN 00:0000    00:7FFF    8000(32768)       (ROMWIN)
>GAP<          00:E000.0  00:EDE1.7  0DE2.0(3554.0)    (RAM)
      S DATA   00:EDE2    00:EEE1    0100(256)         $STACK
      C DATA   00:EEE2    00:EEE3    0002(2)           _testI2C
      S DATA   00:EEE4    00:EF21    003E(62)          $$NVARirq
      S DATA   00:EF22    00:EF22    0001(1)           $$NVARuart
      C DATA   00:EF23    00:EF23    0001(1)           __flgADCFin
      S DATA   00:EF24    00:EF66    0043(67)          $$NVARmain
      C DATA   00:EF67    00:EF67    0001(1)           __reqNotHalt
      C DATA   00:EF68    00:EF69    0002(2)           _KMX61_VALUE
      S DATA   00:EF6A    00:EFB9    0050(80)          $$NINITVAR
      C DATA   00:EFBA    00:EFBB    0002(2)           _ret
      S DATA   00:EFBC    00:EFFD    0042(66)          $$XNVARxprintf_nn
      C DATA   00:EFFE    00:EFFE    0001(1)           __flgI2CFin
      C DATA   00:EFFF    00:EFFF    0001(1)           __flgUartFin
      Q SFR    00:F000    00:FFFF    1000(4096)        (SFR)


Link Map - Memory space above #1

      Type     Start      Stop       Size              Name
     -------------------------------------------------------
 ---
      S TABLE  02:0000    02:0FFF    1000(4096)        (absolute)
 ---
      S TABLE  08:0000    08:7FFF    8000(32768)       (absolute)
 ---
      S TABLE  0A:0000    0A:0FFF    1000(4096)        (absolute)


Not Linked segments:

      Module Name         Type       Size              Segment Name 
     --------------------------------------------------------------
      i2c
                          CODE       0006(6)           $$i2c_getTransSize$i2c
                          CODE       0012(18)          $$i2c_checkIRQ$i2c
                          CODE       0006(6)           $$i2c_clearIRQ$i2c
     --------------------------------------------------------------
      main
                          CODE       0002(2)           $$MainOp_Temperature_Sensor_20$main
                          CODE       0002(2)           $$MainOp_Temperature_Sensor_21$main
                          CODE       0002(2)           $$MainOp_Temperature_Sensor_22$main
                          CODE       0002(2)           $$MainOp_Temperature_Sensor_23$main
                          CODE       020E(526)         $$Init_KMX061$main
                          CODE       0002(2)           $$MainOp_KX022$main
                          CODE       0002(2)           $$Init_Ambient_Light_Sensor_6$main
                          CODE       00C0(192)         $$NOPms$main
                          TABLE      0000(0)           $$NTABmain
                          CODE       0026(38)          $$Init_UV_Sensor_10$main
                          CODE       004C(76)          $$testPrint$main
                          CODE       0002(2)           $$MainOp_Ambient_Light_Sensor_5$main
                          CODE       0002(2)           $$MainOp_Ambient_Light_Sensor_6$main
                          CODE       0002(2)           $$MainOp_Ambient_Light_Sensor_7$main
                          CODE       0002(2)           $$MainOp_Ambient_Light_Sensor_9$main
                          CODE       0002(2)           $$Init_Ambient_Light_Sensor_5$main
                          CODE       0002(2)           $$Init_Ambient_Light_Sensor_7$main
                          CODE       0002(2)           $$Init_Ambient_Light_Sensor_9$main
                          CODE       0002(2)           $$MainOp_Hall_Effect_Sensors_0$main
                          CODE       0002(2)           $$MainOp_Hall_Effect_Sensors_1$main
                          CODE       0062(98)          $$DeviceSelection$main
                          CODE       0002(2)           $$Init_KX022$main
                          CODE       006E(110)         $$SensorInitialization$main
                          CODE       0002(2)           $$Init_Temperature_Sensor_20$main
                          CODE       0002(2)           $$Init_Temperature_Sensor_21$main
                          CODE       0002(2)           $$Init_Temperature_Sensor_22$main
                          CODE       0002(2)           $$Init_Temperature_Sensor_23$main
                          TABLE      0030(48)          $$NTABSensorInitialization$main
                          CODE       00FC(252)         $$MainOp_KMX061$main
                          TABLE      000D(13)          $$TAB$$S57$main
                          TABLE      000A(10)          $$TAB$$S96$main
                          CODE       0002(2)           $$Init_Hall_Effect_Sensors_0$main
                          CODE       0002(2)           $$Init_Hall_Effect_Sensors_1$main
                          CODE       0002(2)           $$MainOp_UV_Sensor_10$main
     --------------------------------------------------------------
      timer
                          CODE       0038(56)          $$tm_init$timer
     --------------------------------------------------------------
      uart
                          CODE       0006(6)           $$uart_clearIRQ$uart
                          CODE       0012(18)          $$uart_checkIRQ$uart
                          CODE       0008(8)           $$uart_ErrClr$uart
                          CODE       0006(6)           $$uart_ErrGet$uart
                          CODE       0006(6)           $$uart_getTransSize$uart
                          CODE       0042(66)          $$uart_startReceive$uart
     --------------------------------------------------------------


Total size (CODE  ) = 03334   (13108)
Total size (DATA  ) = 0021E   (542)
Total size (BIT   ) = 00000.0 (0.0)
Total size (NVDATA) = 00000   (0)
Total size (NVBIT ) = 00000.0 (0.0)
Total size (TABLE ) = 0A2C1   (41665)

          -----------------------
           Symbol Table Synopsis
          -----------------------

Module         Value     Type         Symbol
------         -----     ----------   ------
i2c
               00:1D26   Pub CODE     _i2c_stop
               00:08CE   Pub CODE     _i2c_startReceive
               00:265E   Pub CODE     _i2c_continue
               00:345A   Pub CODE     _i2c_startSend
               00:1666   Pub CODE     _i2c_init
               00:EF6A   Loc DATA     __gsCtrlParam

Module         Value     Type         Symbol
------         -----     ----------   ------
irq
               00:0470   Loc CODE     __intCMP1INT
               00:2914   Loc CODE     __intT32HINT
               00:0494   Loc CODE     __intCMP0INT
               00:04C2   Loc CODE     __intTM8INT
               00:04DE   Loc CODE     __intTM9INT
               00:2BF2   Loc CODE     __intT128HINT
               00:0EC8   Loc CODE     __intT2HINT
               00:3370   Loc CODE     __intI2CMINT
               00:30A8   Loc CODE     __intWDTINT
               00:03F4   Loc CODE     __intPA0INT
               00:0556   Loc CODE     __intTMAINT
               00:0454   Loc CODE     __intPA1INT
               00:330A   Loc CODE     __intSIO0INT
               00:31AE   Loc CODE     __intI2CSINT
               00:2BD6   Loc CODE     __intSADINT
               00:027A   Loc CODE     __intPB0INT
               00:224A   Loc CODE     __branchHdr
               00:051A   Loc CODE     __intTMEINT
               00:0296   Loc CODE     __intPB1INT
               00:3192   Loc CODE     __intTMBINT
               00:28F8   Loc CODE     __intPA2INT
               00:025E   Loc CODE     __intT16HINT
               00:3176   Loc CODE     __intTMFINT
               00:28C0   Loc CODE     __intPB2INT
               00:28DC   Loc CODE     __intPB3INT
               00:178C   Loc CODE     __intPWDINT
               00:17A8   Loc CODE     __intPWEINT
               00:1D0A   Loc CODE     __intPWCINT
               00:07DE   Loc CODE     __intUA0INT
               00:0006   Loc CODE     __intUndefHdr
               00:07FA   Loc CODE     __intUA1INT
               00:1CA2   Loc CODE     __intPWFINT
               00:2930   Loc CODE     __intVLSINT
               00:2314   Pub CODE     _irq_init
               00:0EC0   Pub CODE     _irq_di
               00:0EC4   Pub CODE     _irq_ei
               00:0E38   Pub CODE     _irq_setHdr
               00:0FB6   Loc CODE     __intNullHdr
               00:EEE4   Loc DATA     __sIrqHdr

Module         Value     Type         Symbol
------         -----     ----------   ------
main
               00:0994   Pub CODE     _main_clrWDT
               00:048C   Pub CODE     _main_reqNotHalt
               00:22B4   Pub CODE     _main
               00:0572   Pub CODE     _PortD_Low
               00:2398   Pub CODE     _PortC_Low
               00:15A2   Pub CODE     _PortB_Low
               00:25EE   Loc CODE     __funcUartFin
               00:24EA   Loc CODE     _Initialization
               00:04B0   Loc CODE     __intUart
               00:2600   Loc CODE     __intI2c
               00:2B14   Loc CODE     _SetOSC
               00:25DA   Loc CODE     __intADC
               00:104E   Loc CODE     __funcI2CFin
               00:EF84   Loc DATA     _BUF_CTRL1
               00:EF85   Loc DATA     _BUF_CTRL2
               00:EF24   Loc DATA     _i
               00:EF26   Loc DATA     _j
               00:EF7F   Loc DATA     _SELF_TEST
               00:EF87   Loc DATA     _STBY_REG_OFF_DATA
               00:EF89   Loc DATA     _CNTL1_DATA
               00:EF86   Loc DATA     _STBY_REG_DATA
               00:EF28   Loc DATA     _tmp
               00:EF88   Loc DATA     _SELF_TEST_DATA
               00:EF7D   Loc DATA     _SAD_KMX61
               00:EF2A   Loc DATA     _PrintContent
               00:EF9C   Loc DATA     _KMX61_TH
               00:EF9B   Loc DATA     _KMX61_TL
               00:021C   Loc TABLE    __uartSetParam
               00:EF8B   Loc DATA     _ODCNTL_DATA
               00:EF8E   Loc DATA     _BUF_CTRL2_DATA
               00:EF5C   Loc DATA     _SensorPlatformSelection
               00:EF8F   Loc DATA     _KMX61_AXL
               00:EF92   Loc DATA     _KMX61_AYH
               00:EF90   Loc DATA     _KMX61_AXH
               00:EF93   Loc DATA     _KMX61_AZL
               00:EF91   Loc DATA     _KMX61_AYL
               00:EF94   Loc DATA     _KMX61_AZH
               00:EF5E   Loc DATA     _tempVal
               00:EF8A   Loc DATA     _CNTL2_DATA
               00:EF60   Loc DATA     _SensorOutput
               00:EF80   Loc DATA     _CNTL1
               00:EF81   Loc DATA     _CNTL2
               00:EF7A   Loc DATA     _ALS8_DevAddress
               00:EF95   Loc DATA     _KMX61_MXL
               00:EF98   Loc DATA     _KMX61_MYH
               00:EF8C   Loc DATA     _TEMP_EN_CNTL_DATA
               00:134C   Pub CODE     _Init_Ambient_Light_Sensor_8
               00:1CBE   Pub CODE     _PortA_Low
               00:0FB8   Pub CODE     _MainOp_Ambient_Light_Sensor_8
               00:EF96   Loc DATA     _KMX61_MXH
               00:EF9D   Loc DATA     _HelloWorld
               00:EF99   Loc DATA     _KMX61_MZL
               00:EF97   Loc DATA     _KMX61_MYL
               00:EF9A   Loc DATA     _KMX61_MZH
               00:EF62   Loc DATA     _tmp1
               00:EF64   Loc DATA     _ALS8_SensorReturn
               00:EF66   Loc DATA     _SensorPlatformSelection_Temp
               00:EF7C   Loc DATA     _ALS8_PowerOn
               00:EF7B   Loc DATA     _ALS8_AutoResolution
               00:EFAE   Loc DATA     _SensorIntializationFlag
               00:EF82   Loc DATA     _ODCNTL
               00:EF83   Loc DATA     _TEMP_EN_CNTL
               00:EF7E   Loc DATA     _STBY_REG
               00:EF8D   Loc DATA     _BUF_CTRL1_DATA

Module         Value     Type         Symbol
------         -----     ----------   ------
ml610112
              0000EFFF   Loc NUMBER   NEAR_RAM_END
              0000E000   Loc NUMBER   NEAR_RAM_START
               00:33AE   Loc CODE     __wdtcounter_clear
              000000FF   Loc NUMBER   _$$WINVAL
               00:7FFF   Loc TABLE    _$$ROMWINEND
               00:3390   Loc CODE     $begin
               00:0000   Loc TABLE    _$$ROMWINSTART
               00:33C2   Loc CODE     __init_loop
               00:340E   Loc CODE     __init_end
               00:338E   Loc CODE     $$brk_reset
               00:33CE   Loc CODE     __skip
               00:33EA   Loc CODE     __init_loop2
               00:33FC   Loc CODE     __loop_by_byte
               00:339E   Loc CODE     __near_ram_loop
               00:338C   Pub CODE     $$start_up


Module         Value     Type         Symbol
------         -----     ----------   ------
tbc

Module         Value     Type         Symbol
------         -----     ----------   ------
timer

Module         Value     Type         Symbol
------         -----     ----------   ------
uart
               00:0234   Pub CODE     _uart_PortSet
               00:1060   Pub CODE     _uart_init
               00:04B4   Pub CODE     _uart_ErrSet
               00:236E   Pub CODE     _uart_stop
               00:0E6A   Pub CODE     _uart_startSend
               00:02FC   Pub CODE     _uart_continue
               00:11A6   Pub CODE     _uart_PortClear
               00:EF22   Loc DATA     __Err_Status
               00:EFB0   Loc DATA     __gsCtrlParam

Module         Value     Type         Symbol
------         -----     ----------   ------
sprintf_nn

Module         Value     Type         Symbol
------         -----     ----------   ------
memcpy_nf

Module         Value     Type         Symbol
------         -----     ----------   ------
xprintf_nn

Module         Value     Type         Symbol
------         -----     ----------   ------
xctype

Module         Value     Type         Symbol
------         -----     ----------   ------
strchr_n

Module         Value     Type         Symbol
------         -----     ----------   ------
strcpy_nn

Module         Value     Type         Symbol
------         -----     ----------   ------
xputfld

Module         Value     Type         Symbol
------         -----     ----------   ------
xldtob

Module         Value     Type         Symbol
------         -----     ----------   ------
xgenld

Module         Value     Type         Symbol
------         -----     ----------   ------
strlen_f

Module         Value     Type         Symbol
------         -----     ----------   ------
ldiv

Module         Value     Type         Symbol
------         -----     ----------   ------
xldunsca

Module         Value     Type         Symbol
------         -----     ----------   ------
xdnorm

Module         Value     Type         Symbol
------         -----     ----------   ------
memcpy_ff

Module         Value     Type         Symbol
------         -----     ----------   ------
memcpy_fn

Module         Value     Type         Symbol
------         -----     ----------   ------
xlitob

End of mapfile.
